<html>
<body>
<pre>
<h1>µVision Build Log</h1>
<h2>Tool Versions:</h2>
IDE-Version: ¦ÌVision V5.36.0.0
Copyright (C) 2021 ARM Ltd and ARM Germany GmbH. All rights reserved.
License Information: 1111 Ultrareef, 11111, LIC=9N0AE-5XK7B-MSTYP-MPY2Z-FS84W-Z7Y2U
 
Tool Versions:
Toolchain:       MDK-ARM Professional  Version: 5.36.0.0
Toolchain Path:  D:\Keil_v5\ARM\ARMCLANG\Bin
C Compiler:      ArmClang.exe V6.16
Assembler:       Armasm.exe V6.16
Linker/Locator:  ArmLink.exe V6.16
Library Manager: ArmAr.exe V6.16
Hex Converter:   FromElf.exe V6.16
CPU DLL:         SARMCM3.DLL V5.36.0.0
Dialog DLL:      DCM.DLL V1.17.3.0
Target DLL:      CMSIS_AGDI.dll V1.33.0.0
Dialog DLL:      TCM.DLL V1.53.0.0
 
<h2>Project:</h2>
E:\projects\ProjectsAT32\AT32-Projects\AT32F403AVGT7_BoardDemo\project\MDK_V5\AT32F403AVGT7_BoardDemo.uvprojx
Project File Date:  05/12/2025

<h2>Output:</h2>
*** Using Compiler 'V6.16', folder: 'D:\Keil_v5\ARM\ARMCLANG\Bin'
Build target 'AT32F403AVGT7_BoardDemo'
compiling at32f403a_407_wk_config.c...
compiling wk_system.c...
compiling wk_debug.c...
compiling wk_usart.c...
compiling wk_gpio.c...
compiling wk_spi.c...
compiling at32f403a_407_rtc.c...
compiling wk_i2c.c...
compiling main.c...
compiling at32f403a_407_int.c...
compiling rtc.c...
compiling at32f403a_407_crm.c...
compiling at32f403a_407_gpio.c...
compiling at32f403a_407_tmr.c...
compiling at32f403a_407_i2c.c...
compiling at32f403a_407_usart.c...
compiling at32f403a_407_pwc.c...
compiling at32f403a_407_dma.c...
compiling at32f403a_407_spi.c...
compiling at32f403a_407_crc.c...
compiling at32f403a_407_adc.c...
compiling at32f403a_407_wwdt.c...
compiling at32f403a_407_wdt.c...
compiling at32f403a_407_exint.c...
compiling at32f403a_407_misc.c...
compiling at32f403a_407_flash.c...
compiling at32f403a_407_usb.c...
compiling at32f403a_407_acc.c...
compiling at32f403a_407_dac.c...
assembling startup_at32f403a_407.s...
compiling at32f403a_407_can.c...
compiling at32f403a_407_emac.c...
compiling at32f403a_407_debug.c...
compiling at32f403a_407_xmc.c...
compiling at32f403a_407_sdio.c...
compiling at32f403a_407_bpr.c...
compiling system_at32f403a_407.c...
compiling drv_key.c...
compiling drv_led.c...
compiling drv_printf.c...
compiling drv_usart.c...
compiling drv_valve_check.c...
compiling json.c...
compiling op_string.c...
compiling sver_regis.c...
compiling sver_mem.c...
compiling sver_comm.c...
compiling static_list.c...
linking...
Program Size: Code=12790 RO-data=1206 RW-data=20 ZI-data=6892  
FromELF: creating hex file...
".\objects\AT32F403AVGT7_BoardDemo.axf" - 0 Error(s), 0 Warning(s).

<h2>Software Packages used:</h2>

Package Vendor: ArteryTek
                
                ArteryTek.AT32F403A_407_DFP.2.2.1
                ArteryTek AT32F403A_407 Series Device Support,Drivers

<h2>Collection of Component include folders:</h2>
  D:\Arm\Packs\ArteryTek\AT32F403A_407_DFP\2.2.1\Device\Include

<h2>Collection of Component Files used:</h2>
Build Time Elapsed:  00:00:01
</pre>
</body>
</html>
