Component: ARM Compiler 6.16 Tool: armlink [5dfeaa00]

==============================================================================

Section Cross References

    main.o(.text.main) refers to at32f403a_407_wk_config.o(.text.wk_system_clock_config) for wk_system_clock_config
    main.o(.text.main) refers to at32f403a_407_wk_config.o(.text.wk_periph_clock_config) for wk_periph_clock_config
    main.o(.text.main) refers to wk_debug.o(.text.wk_debug_config) for wk_debug_config
    main.o(.text.main) refers to at32f403a_407_wk_config.o(.text.wk_nvic_config) for wk_nvic_config
    main.o(.text.main) refers to wk_system.o(.text.wk_timebase_init) for wk_timebase_init
    main.o(.text.main) refers to wk_usart.o(.text.wk_usart1_init) for wk_usart1_init
    main.o(.text.main) refers to wk_gpio.o(.text.wk_gpio_config) for wk_gpio_config
    main.o(.text.main) refers to drv_led.o(.text.drv_led_init) for drv_led_init
    main.o(.text.main) refers to drv_key.o(.text.drv_key_gpio_init) for drv_key_gpio_init
    main.o(.text.main) refers to at32f403a_407_gpio.o(.text.gpio_bits_set) for gpio_bits_set
    main.o(.text.main) refers to static_list.o(.text.task_list_init) for task_list_init
    main.o(.text.main) refers to drv_led.o(.text.led_blink_task) for led_blink_task
    main.o(.text.main) refers to static_list.o(.text.task_insert_head) for task_insert_head
    main.o(.text.main) refers to drv_key.o(.text.check_key_task) for check_key_task
    main.o(.text.main) refers to sver_mem.o(.text.free_mem_size_task) for free_mem_size_task
    main.o(.text.main) refers to sver_comm.o(.text.debug_comm_task) for debug_comm_task
    main.o(.text.main) refers to drv_printf.o(.text.print_START) for print_START
    main.o(.text.main) refers to static_list.o(.text.task_list_run) for task_list_run
    main.o(.text.main) refers to wk_system.o(.text.wk_delay_ms) for wk_delay_ms
    main.o(.ARM.exidx.text.main) refers to main.o(.text.main) for [Anonymous Symbol]
    at32f403a_407_wk_config.o(.text.wk_system_clock_config) refers to at32f403a_407_crm.o(.text.crm_reset) for crm_reset
    at32f403a_407_wk_config.o(.text.wk_system_clock_config) refers to at32f403a_407_crm.o(.text.crm_clock_source_enable) for crm_clock_source_enable
    at32f403a_407_wk_config.o(.text.wk_system_clock_config) refers to at32f403a_407_crm.o(.text.crm_flag_get) for crm_flag_get
    at32f403a_407_wk_config.o(.text.wk_system_clock_config) refers to at32f403a_407_crm.o(.text.crm_hext_stable_wait) for crm_hext_stable_wait
    at32f403a_407_wk_config.o(.text.wk_system_clock_config) refers to at32f403a_407_crm.o(.text.crm_pll_config) for crm_pll_config
    at32f403a_407_wk_config.o(.text.wk_system_clock_config) refers to at32f403a_407_crm.o(.text.crm_ahb_div_set) for crm_ahb_div_set
    at32f403a_407_wk_config.o(.text.wk_system_clock_config) refers to at32f403a_407_crm.o(.text.crm_apb2_div_set) for crm_apb2_div_set
    at32f403a_407_wk_config.o(.text.wk_system_clock_config) refers to at32f403a_407_crm.o(.text.crm_apb1_div_set) for crm_apb1_div_set
    at32f403a_407_wk_config.o(.text.wk_system_clock_config) refers to at32f403a_407_crm.o(.text.crm_auto_step_mode_enable) for crm_auto_step_mode_enable
    at32f403a_407_wk_config.o(.text.wk_system_clock_config) refers to at32f403a_407_crm.o(.text.crm_sysclk_switch) for crm_sysclk_switch
    at32f403a_407_wk_config.o(.text.wk_system_clock_config) refers to at32f403a_407_crm.o(.text.crm_sysclk_switch_status_get) for crm_sysclk_switch_status_get
    at32f403a_407_wk_config.o(.text.wk_system_clock_config) refers to system_at32f403a_407.o(.text.system_core_clock_update) for system_core_clock_update
    at32f403a_407_wk_config.o(.ARM.exidx.text.wk_system_clock_config) refers to at32f403a_407_wk_config.o(.text.wk_system_clock_config) for [Anonymous Symbol]
    at32f403a_407_wk_config.o(.text.wk_periph_clock_config) refers to at32f403a_407_crm.o(.text.crm_periph_clock_enable) for crm_periph_clock_enable
    at32f403a_407_wk_config.o(.ARM.exidx.text.wk_periph_clock_config) refers to at32f403a_407_wk_config.o(.text.wk_periph_clock_config) for [Anonymous Symbol]
    at32f403a_407_wk_config.o(.text.wk_nvic_config) refers to at32f403a_407_misc.o(.text.nvic_priority_group_config) for nvic_priority_group_config
    at32f403a_407_wk_config.o(.text.wk_nvic_config) refers to at32f403a_407_wk_config.o(.text.__NVIC_GetPriorityGrouping) for __NVIC_GetPriorityGrouping
    at32f403a_407_wk_config.o(.text.wk_nvic_config) refers to at32f403a_407_wk_config.o(.text.NVIC_EncodePriority) for NVIC_EncodePriority
    at32f403a_407_wk_config.o(.text.wk_nvic_config) refers to at32f403a_407_wk_config.o(.text.__NVIC_SetPriority) for __NVIC_SetPriority
    at32f403a_407_wk_config.o(.text.wk_nvic_config) refers to at32f403a_407_misc.o(.text.nvic_irq_enable) for nvic_irq_enable
    at32f403a_407_wk_config.o(.ARM.exidx.text.wk_nvic_config) refers to at32f403a_407_wk_config.o(.text.wk_nvic_config) for [Anonymous Symbol]
[...]
    [Anonymous Symbol]                       0x08001814   Section        0  at32f403a_407_crm.o(.text.crm_clocks_freq_get)
    crm_clocks_freq_get.sclk_ahb_div_table   0x080018e4   Number         0  at32f403a_407_crm.o(.text.crm_clocks_freq_get)
    crm_clocks_freq_get.ahb_apb1_div_table   0x080018f4   Number         0  at32f403a_407_crm.o(.text.crm_clocks_freq_get)
    crm_clocks_freq_get.ahb_apb2_div_table   0x080018f4   Number         0  at32f403a_407_crm.o(.text.crm_clocks_freq_get)
    crm_clocks_freq_get.adc_div_table        0x080018fc   Number         0  at32f403a_407_crm.o(.text.crm_clocks_freq_get)
    [Anonymous Symbol]                       0x08001904   Section        0  at32f403a_407_crm.o(.text.crm_flag_get)
    [Anonymous Symbol]                       0x08001920   Section        0  at32f403a_407_crm.o(.text.crm_hext_stable_wait)
    [Anonymous Symbol]                       0x08001948   Section        0  at32f403a_407_crm.o(.text.crm_periph_clock_enable)
    [Anonymous Symbol]                       0x08001970   Section        0  at32f403a_407_crm.o(.text.crm_pll_config)
    [Anonymous Symbol]                       0x080019e0   Section        0  at32f403a_407_crm.o(.text.crm_reset)
    [Anonymous Symbol]                       0x08001a24   Section        0  at32f403a_407_crm.o(.text.crm_sysclk_switch)
    [Anonymous Symbol]                       0x08001a60   Section        0  at32f403a_407_crm.o(.text.crm_sysclk_switch_status_get)
    [Anonymous Symbol]                       0x08001a70   Section        0  sver_comm.o(.text.debug_comm_task)
    [Anonymous Symbol]                       0x08001ab0   Section        0  drv_printf.o(.text.debug_printf)
    delay_us                                 0x08001af5   Thumb Code    46  wk_system.o(.text.delay_us)
    [Anonymous Symbol]                       0x08001af4   Section        0  wk_system.o(.text.delay_us)
    [Anonymous Symbol]                       0x08001b24   Section        0  drv_key.o(.text.drv_key_gpio_init)
    [Anonymous Symbol]                       0x08001b84   Section        0  drv_led.o(.text.drv_led_init)
    [Anonymous Symbol]                       0x08001bcc   Section        0  sver_mem.o(.text.free_mem_size_task)
    [Anonymous Symbol]                       0x08001c38   Section        0  static_list.o(.text.get_free_count)
    [Anonymous Symbol]                       0x08001c68   Section        0  static_list.o(.text.get_used_head)
    [Anonymous Symbol]                       0x08001c78   Section        0  at32f403a_407_gpio.o(.text.gpio_bits_reset)
    [Anonymous Symbol]                       0x08001c7c   Section        0  at32f403a_407_gpio.o(.text.gpio_bits_set)
    [Anonymous Symbol]                       0x08001c80   Section        0  at32f403a_407_gpio.o(.text.gpio_default_para_init)
    [Anonymous Symbol]                       0x08001c94   Section        0  at32f403a_407_gpio.o(.text.gpio_init)
    [Anonymous Symbol]                       0x08001d54   Section        0  at32f403a_407_gpio.o(.text.gpio_input_data_bit_read)
    [Anonymous Symbol]                       0x08001d64   Section        0  at32f403a_407_gpio.o(.text.gpio_pin_remap_config)
    [Anonymous Symbol]                       0x08001da8   Section        0  drv_key.o(.text.is_key_pressed)
    [Anonymous Symbol]                       0x08001dc0   Section        0  drv_led.o(.text.led_blink_task)
    [Anonymous Symbol]                       0x08001e88   Section        0  drv_led.o(.text.led_set_state)
    [Anonymous Symbol]                       0x08001ea8   Section        0  main.o(.text.main)
    [Anonymous Symbol]                       0x08001f28   Section        0  at32f403a_407_misc.o(.text.nvic_irq_enable)
    [Anonymous Symbol]                       0x08001f4c   Section        0  at32f403a_407_misc.o(.text.nvic_priority_group_config)
    [Anonymous Symbol]                       0x08001f54   Section        0  drv_key.o(.text.on_long_hold_func)
    [Anonymous Symbol]                       0x08001f78   Section        0  drv_key.o(.text.on_short_hold_func)
    [Anonymous Symbol]                       0x08001fa4   Section        0  drv_printf.o(.text.print_START)
    [Anonymous Symbol]                       0x08002064   Section        0  drv_usart.o(.text.reset_usart_recv)
    [Anonymous Symbol]                       0x0800207c   Section        0  drv_led.o(.text.start_led_blink)
    [Anonymous Symbol]                       0x080020a8   Section        0  system_at32f403a_407.o(.text.system_core_clock_update)
    system_core_clock_update.sys_ahb_div_table 0x08002148   Number         0  system_at32f403a_407.o(.text.system_core_clock_update)
    [Anonymous Symbol]                       0x08002158   Section        0  at32f403a_407_misc.o(.text.systick_clock_source_config)
    [Anonymous Symbol]                       0x08002170   Section        0  static_list.o(.text.task_alloc)
    [Anonymous Symbol]                       0x080021c4   Section        0  static_list.o(.text.task_insert_head)
    [Anonymous Symbol]                       0x08002200   Section        0  static_list.o(.text.task_list_init)
    [Anonymous Symbol]                       0x08002244   Section        0  static_list.o(.text.task_list_run)
    [Anonymous Symbol]                       0x08002274   Section        0  at32f403a_407_usart.o(.text.usart_data_receive)
    [Anonymous Symbol]                       0x0800227c   Section        0  at32f403a_407_usart.o(.text.usart_data_transmit)
    [Anonymous Symbol]                       0x08002284   Section        0  at32f403a_407_usart.o(.text.usart_enable)
    [Anonymous Symbol]                       0x08002298   Section        0  at32f403a_407_usart.o(.text.usart_flag_clear)
    [Anonymous Symbol]                       0x080022a8   Section        0  at32f403a_407_usart.o(.text.usart_flag_get)
    [Anonymous Symbol]                       0x080022b4   Section        0  at32f403a_407_usart.o(.text.usart_hardware_flow_control_set)
    [Anonymous Symbol]                       0x080022f8   Section        0  at32f403a_407_usart.o(.text.usart_init)
    [Anonymous Symbol]                       0x080023ac   Section        0  at32f403a_407_usart.o(.text.usart_interrupt_enable)
    [Anonymous Symbol]                       0x080023cc   Section        0  at32f403a_407_usart.o(.text.usart_parity_selection_config)
    [Anonymous Symbol]                       0x08002408   Section        0  at32f403a_407_usart.o(.text.usart_receiver_enable)
    [Anonymous Symbol]                       0x0800241c   Section        0  at32f403a_407_usart.o(.text.usart_transmitter_enable)
    [Anonymous Symbol]                       0x08002430   Section        0  drv_usart.o(.text.usart_write_block)
    [Anonymous Symbol]                       0x0800247c   Section        0  wk_debug.o(.text.wk_debug_config)
    [Anonymous Symbol]                       0x08002490   Section        0  wk_system.o(.text.wk_delay_ms)
    [Anonymous Symbol]                       0x080024c0   Section        0  wk_gpio.o(.text.wk_gpio_config)
    [Anonymous Symbol]                       0x0800250c   Section        0  at32f403a_407_wk_config.o(.text.wk_nvic_config)
    [Anonymous Symbol]                       0x080025ac   Section        0  at32f403a_407_wk_config.o(.text.wk_periph_clock_config)
    [Anonymous Symbol]                       0x080025e4   Section        0  at32f403a_407_wk_config.o(.text.wk_system_clock_config)
    [Anonymous Symbol]                       0x08002674   Section        0  wk_system.o(.text.wk_timebase_init)
    [Anonymous Symbol]                       0x080026bc   Section        0  wk_usart.o(.text.wk_usart1_init)
    CL$$btod_d2e                             0x08002758   Section       62  btod.o(CL$$btod_d2e)
    CL$$btod_d2e_denorm_low                  0x08002796   Section       70  btod.o(CL$$btod_d2e_denorm_low)
    CL$$btod_d2e_norm_op1                    0x080027dc   Section       96  btod.o(CL$$btod_d2e_norm_op1)
    CL$$btod_div_common                      0x0800283c   Section      824  btod.o(CL$$btod_div_common)
    CL$$btod_e2e                             0x08002b74   Section      220  btod.o(CL$$btod_e2e)
    CL$$btod_ediv                            0x08002c50   Section       42  btod.o(CL$$btod_ediv)
    CL$$btod_emul                            0x08002c7a   Section       42  btod.o(CL$$btod_emul)
    CL$$btod_mult_common                     0x08002ca4   Section      580  btod.o(CL$$btod_mult_common)
    i.__ARM_fpclassify                       0x08002ee8   Section        0  fpclassify.o(i.__ARM_fpclassify)
    i._is_digit                              0x08002f18   Section        0  __printf_wp.o(i._is_digit)
    locale$$code                             0x08002f28   Section       44  lc_numeric_c.o(locale$$code)
    locale$$code                             0x08002f54   Section       44  lc_ctype_c.o(locale$$code)
    $v0                                      0x08002f80   Number         0  fpinit.o(x$fpl$fpinit)
    x$fpl$fpinit                             0x08002f80   Section       26  fpinit.o(x$fpl$fpinit)
    $v0                                      0x08002f9a   Number         0  printf1.o(x$fpl$printf1)
    x$fpl$printf1                            0x08002f9a   Section        4  printf1.o(x$fpl$printf1)
    $v0                                      0x08002f9e   Number         0  printf2.o(x$fpl$printf2)
    x$fpl$printf2                            0x08002f9e   Section        4  printf2.o(x$fpl$printf2)
    maptable                                 0x08002fa2   Data          17  __printf_flags_ss_wp.o(.constdata)
    .constdata                               0x08002fa2   Section       17  __printf_flags_ss_wp.o(.constdata)
    x$fpl$usenofp                            0x08002fa2   Section        0  usenofp.o(x$fpl$usenofp)
    initial_mbstate                          0x08002fb4   Data           8  _printf_wctomb.o(.constdata)
    .constdata                               0x08002fb4   Section        8  _printf_wctomb.o(.constdata)
    uc_hextab                                0x08002fbc   Data          20  _printf_hex_int_ll_ptr.o(.constdata)
    .constdata                               0x08002fbc   Section       40  _printf_hex_int_ll_ptr.o(.constdata)
    lc_hextab                                0x08002fd0   Data          20  _printf_hex_int_ll_ptr.o(.constdata)
    lc_hextab                                0x08002fe4   Data          19  _printf_fp_hex.o(.constdata)
    .constdata                               0x08002fe4   Section       38  _printf_fp_hex.o(.constdata)
    uc_hextab                                0x08002ff7   Data          19  _printf_fp_hex.o(.constdata)
    tenpwrs_x                                0x0800300c   Data          60  bigflt0.o(.constdata)
    .constdata                               0x0800300c   Section      148  bigflt0.o(.constdata)
    tenpwrs_i                                0x08003048   Data          64  bigflt0.o(.constdata)
    .L.str.5                                 0x080030a0   Data          46  drv_printf.o(.rodata.str1.1)
    [Anonymous Symbol]                       0x080030a0   Section        0  drv_printf.o(.rodata.str1.1)
    .L.str.4                                 0x080030ce   Data          46  drv_printf.o(.rodata.str1.1)
    .L.str.2                                 0x080030fc   Data          46  drv_printf.o(.rodata.str1.1)
    .L.str.1                                 0x0800312a   Data          48  drv_printf.o(.rodata.str1.1)
    .L.str.3                                 0x0800315a   Data          46  drv_printf.o(.rodata.str1.1)
    locale$$data                             0x080031a8   Section       28  lc_numeric_c.o(locale$$data)
    __lcnum_c_name                           0x080031ac   Data           2  lc_numeric_c.o(locale$$data)
    __lcnum_c_start                          0x080031b4   Data           0  lc_numeric_c.o(locale$$data)
    __lcnum_c_point                          0x080031c0   Data           0  lc_numeric_c.o(locale$$data)
    __lcnum_c_thousands                      0x080031c2   Data           0  lc_numeric_c.o(locale$$data)
    __lcnum_c_grouping                       0x080031c3   Data           0  lc_numeric_c.o(locale$$data)
    __lcnum_c_end                            0x080031c4   Data           0  lc_numeric_c.o(locale$$data)
    locale$$data                             0x080031c4   Section      272  lc_ctype_c.o(locale$$data)
    __lcctype_c_name                         0x080031c8   Data           2  lc_ctype_c.o(locale$$data)
    __lcctype_c_start                        0x080031d0   Data           0  lc_ctype_c.o(locale$$data)
    __lcctype_c_end                          0x080032d4   Data           0  lc_ctype_c.o(locale$$data)
    .bss                                     0x20000018   Section       96  libspace.o(.bss)
    blink_count                              0x20000078   Data           1  drv_led.o(.bss.blink_count)
    [Anonymous Symbol]                       0x20000078   Section        0  drv_led.o(.bss.blink_count)
    check_key_task.prev_state                0x20000079   Data           1  drv_key.o(.bss.check_key_task.prev_state)
    [Anonymous Symbol]                       0x20000079   Section        0  drv_key.o(.bss.check_key_task.prev_state)
    current_state                            0x2000007a   Data           1  sver_mem.o(.bss.current_state)
    [Anonymous Symbol]                       0x2000007a   Section        0  sver_mem.o(.bss.current_state)
    debug_printf.buffer                      0x2000007b   Data         128  drv_printf.o(.bss.debug_printf.buffer)
    [Anonymous Symbol]                       0x2000007b   Section        0  drv_printf.o(.bss.debug_printf.buffer)
    is_blinking                              0x200000fc   Data           1  drv_led.o(.bss.is_blinking)
    [Anonymous Symbol]                       0x200000fc   Section        0  drv_led.o(.bss.is_blinking)
    key_status                               0x200000fd   Data           1  drv_key.o(.bss.key_status)
    [Anonymous Symbol]                       0x200000fd   Section        0  drv_key.o(.bss.key_status)
    key_timer                                0x200000fe   Data           2  drv_key.o(.bss.key_timer)
    [Anonymous Symbol]                       0x200000fe   Section        0  drv_key.o(.bss.key_timer)
    led_status                               0x20000100   Data           1  drv_led.o(.bss.led_status)
    [Anonymous Symbol]                       0x20000100   Section        0  drv_led.o(.bss.led_status)
    led_timer                                0x20000102   Data           2  drv_led.o(.bss.led_timer)
    [Anonymous Symbol]                       0x20000102   Section        0  drv_led.o(.bss.led_timer)
    on_short_hold_func.short_press_cnt       0x20000104   Data           1  drv_key.o(.bss.on_short_hold_func.short_press_cnt)
    [Anonymous Symbol]                       0x20000104   Section        0  drv_key.o(.bss.on_short_hold_func.short_press_cnt)
    run_mem_cnt                              0x20000106   Data           2  sver_mem.o(.bss.run_mem_cnt)
    [Anonymous Symbol]                       0x20000106   Section        0  sver_mem.o(.bss.run_mem_cnt)
    Heap_Mem                                 0x20000300   Data        1024  startup_at32f403a_407.o(HEAP)
    HEAP                                     0x20000300   Section     1024  startup_at32f403a_407.o(HEAP)
    Stack_Mem                                0x20000700   Data         512  startup_at32f403a_407.o(STACK)
    STACK                                    0x20000700   Section      512  startup_at32f403a_407.o(STACK)
    __initial_sp                             0x20000900   Data           0  startup_at32f403a_407.o(STACK)

    Global Symbols

    Symbol Name                              Value     Ov Type        Size  Object(Section)

    BuildAttributes$$THM_ISAv4$E$P$D$K$B$S$7EM$VFPi3$EXTD16$VFPS$VFMA$PE$A:L22UL41UL21$X:L11$S22US41US21$IEEE1$IW$~IW$USESV6$~STKCKD$USESV7$~SHL$OTIME$ROPI$IEEEX$EBA8$UX$STANDARDLIB$REQ8$PRES8$EABIv2 0x00000000   Number         0  anon$$obj.o ABSOLUTE
    _printf_flags                            0x00000000   Number         0  printf_stubs.o ABSOLUTE
    _printf_return_value                     0x00000000   Number         0  printf_stubs.o ABSOLUTE
    _printf_sizespec                         0x00000000   Number         0  printf_stubs.o ABSOLUTE
    _printf_widthprec                        0x00000000   Number         0  printf_stubs.o ABSOLUTE
    __ARM_exceptions_init                     - Undefined Weak Reference
    __alloca_initialize                       - Undefined Weak Reference
    __arm_preinit_                            - Undefined Weak Reference
    __cpp_initialize__aeabi_                  - Undefined Weak Reference
    __cxa_finalize                            - Undefined Weak Reference
    __sigvec_lookup                           - Undefined Weak Reference
    _atexit_init                              - Undefined Weak Reference
    _call_atexit_fns                          - Undefined Weak Reference
    _clock_init                               - Undefined Weak Reference
    _fp_trap_init                             - Undefined Weak Reference
    _fp_trap_shutdown                         - Undefined Weak Reference
    _get_lc_collate                           - Undefined Weak Reference
    _get_lc_monetary                          - Undefined Weak Reference
    _get_lc_time                              - Undefined Weak Reference
    _getenv_init                              - Undefined Weak Reference
    _handle_redirection                       - Undefined Weak Reference
    _init_alloc                               - Undefined Weak Reference
    _init_user_alloc                          - Undefined Weak Reference
    _initio                                   - Undefined Weak Reference
    _printf_mbtowc                            - Undefined Weak Reference
    _printf_wc                                - Undefined Weak Reference
    _rand_init                                - Undefined Weak Reference
    _signal_finish                            - Undefined Weak Reference
    _signal_init                              - Undefined Weak Reference
    _terminate_alloc                          - Undefined Weak Reference
    _terminate_user_alloc                     - Undefined Weak Reference
    _terminateio                              - Undefined Weak Reference
    __Vectors_Size                           0x00000184   Number         0  startup_at32f403a_407.o ABSOLUTE
    __Vectors                                0x08000000   Data           4  startup_at32f403a_407.o(RESET)
    __Vectors_End                            0x08000184   Data           0  startup_at32f403a_407.o(RESET)
    __main                                   0x08000185   Thumb Code     8  __main.o(!!!main)
    __scatterload                            0x0800018d   Thumb Code     0  __scatter.o(!!!scatter)
    __scatterload_rt2                        0x0800018d   Thumb Code    44  __scatter.o(!!!scatter)
    __scatterload_rt2_thumb_only             0x0800018d   Thumb Code     0  __scatter.o(!!!scatter)
    __scatterload_null                       0x0800019b   Thumb Code     0  __scatter.o(!!!scatter)
    __scatterload_copy                       0x080001c1   Thumb Code    26  __scatter_copy.o(!!handler_copy)
    __scatterload_zeroinit                   0x080001dd   Thumb Code    28  __scatter_zi.o(!!handler_zi)
    _printf_n                                0x080001f9   Thumb Code     0  _printf_n.o(.ARM.Collect$$_printf_percent$$00000001)
    _printf_percent                          0x080001f9   Thumb Code     0  _printf_percent.o(.ARM.Collect$$_printf_percent$$00000000)
    _printf_p                                0x080001ff   Thumb Code     0  _printf_p.o(.ARM.Collect$$_printf_percent$$00000002)
    _printf_f                                0x08000205   Thumb Code     0  _printf_f.o(.ARM.Collect$$_printf_percent$$00000003)
    _printf_e                                0x0800020b   Thumb Code     0  _printf_e.o(.ARM.Collect$$_printf_percent$$00000004)
    _printf_g                                0x08000211   Thumb Code     0  _printf_g.o(.ARM.Collect$$_printf_percent$$00000005)
    _printf_a                                0x08000217   Thumb Code     0  _printf_a.o(.ARM.Collect$$_printf_percent$$00000006)
    _printf_ll                               0x0800021d   Thumb Code     0  _printf_ll.o(.ARM.Collect$$_printf_percent$$00000007)
    _printf_i                                0x08000227   Thumb Code     0  _printf_i.o(.ARM.Collect$$_printf_percent$$00000008)
    _printf_d                                0x0800022d   Thumb Code     0  _printf_d.o(.ARM.Collect$$_printf_percent$$00000009)
    _printf_u                                0x08000233   Thumb Code     0  _printf_u.o(.ARM.Collect$$_printf_percent$$0000000A)
    _printf_o                                0x08000239   Thumb Code     0  _printf_o.o(.ARM.Collect$$_printf_percent$$0000000B)
    _printf_x                                0x0800023f   Thumb Code     0  _printf_x.o(.ARM.Collect$$_printf_percent$$0000000C)
    _printf_lli                              0x08000245   Thumb Code     0  _printf_lli.o(.ARM.Collect$$_printf_percent$$0000000D)
    _printf_lld                              0x0800024b   Thumb Code     0  _printf_lld.o(.ARM.Collect$$_printf_percent$$0000000E)
    _printf_llu                              0x08000251   Thumb Code     0  _printf_llu.o(.ARM.Collect$$_printf_percent$$0000000F)
    _printf_llo                              0x08000257   Thumb Code     0  _printf_llo.o(.ARM.Collect$$_printf_percent$$00000010)
    _printf_llx                              0x0800025d   Thumb Code     0  _printf_llx.o(.ARM.Collect$$_printf_percent$$00000011)
    _printf_l                                0x08000263   Thumb Code     0  _printf_l.o(.ARM.Collect$$_printf_percent$$00000012)
    _printf_c                                0x0800026d   Thumb Code     0  _printf_c.o(.ARM.Collect$$_printf_percent$$00000013)
    _printf_s                                0x08000273   Thumb Code     0  _printf_s.o(.ARM.Collect$$_printf_percent$$00000014)
    _printf_lc                               0x08000279   Thumb Code     0  _printf_lc.o(.ARM.Collect$$_printf_percent$$00000015)
    _printf_ls                               0x0800027f   Thumb Code     0  _printf_ls.o(.ARM.Collect$$_printf_percent$$00000016)
    _printf_percent_end                      0x08000285   Thumb Code     0  _printf_percent_end.o(.ARM.Collect$$_printf_percent$$00000017)
    __rt_lib_init                            0x08000289   Thumb Code     0  libinit.o(.ARM.Collect$$libinit$$00000000)
    __rt_lib_init_fp_1                       0x0800028b   Thumb Code     0  libinit2.o(.ARM.Collect$$libinit$$00000001)
    __rt_lib_init_heap_1                     0x0800028f   Thumb Code     0  libinit2.o(.ARM.Collect$$libinit$$0000000A)
    __rt_lib_init_lc_common                  0x0800028f   Thumb Code     0  libinit2.o(.ARM.Collect$$libinit$$0000000F)
    __rt_lib_init_preinit_1                  0x0800028f   Thumb Code     0  libinit2.o(.ARM.Collect$$libinit$$00000004)
    __rt_lib_init_rand_1                     0x0800028f   Thumb Code     0  libinit2.o(.ARM.Collect$$libinit$$0000000E)
    __rt_lib_init_user_alloc_1               0x0800028f   Thumb Code     0  libinit2.o(.ARM.Collect$$libinit$$0000000C)
    __rt_lib_init_lc_collate_1               0x08000295   Thumb Code     0  libinit2.o(.ARM.Collect$$libinit$$00000011)
    __rt_lib_init_lc_ctype_2                 0x08000295   Thumb Code     0  libinit2.o(.ARM.Collect$$libinit$$00000012)
    __rt_lib_init_lc_ctype_1                 0x080002a1   Thumb Code     0  libinit2.o(.ARM.Collect$$libinit$$00000013)
    __rt_lib_init_lc_monetary_1              0x080002a1   Thumb Code     0  libinit2.o(.ARM.Collect$$libinit$$00000015)
    __rt_lib_init_lc_numeric_2               0x080002a1   Thumb Code     0  libinit2.o(.ARM.Collect$$libinit$$00000016)
    __rt_lib_init_alloca_1                   0x080002ab   Thumb Code     0  libinit2.o(.ARM.Collect$$libinit$$0000002E)
    __rt_lib_init_argv_1                     0x080002ab   Thumb Code     0  libinit2.o(.ARM.Collect$$libinit$$0000002C)
    __rt_lib_init_atexit_1                   0x080002ab   Thumb Code     0  libinit2.o(.ARM.Collect$$libinit$$0000001B)
    __rt_lib_init_clock_1                    0x080002ab   Thumb Code     0  libinit2.o(.ARM.Collect$$libinit$$00000021)
    __rt_lib_init_cpp_1                      0x080002ab   Thumb Code     0  libinit2.o(.ARM.Collect$$libinit$$00000032)
    __rt_lib_init_exceptions_1               0x080002ab   Thumb Code     0  libinit2.o(.ARM.Collect$$libinit$$00000030)
    __rt_lib_init_fp_trap_1                  0x080002ab   Thumb Code     0  libinit2.o(.ARM.Collect$$libinit$$0000001F)
    __rt_lib_init_getenv_1                   0x080002ab   Thumb Code     0  libinit2.o(.ARM.Collect$$libinit$$00000023)
    __rt_lib_init_lc_numeric_1               0x080002ab   Thumb Code     0  libinit2.o(.ARM.Collect$$libinit$$00000017)
    __rt_lib_init_lc_time_1                  0x080002ab   Thumb Code     0  libinit2.o(.ARM.Collect$$libinit$$00000019)
    __rt_lib_init_return                     0x080002ab   Thumb Code     0  libinit2.o(.ARM.Collect$$libinit$$00000033)
    __rt_lib_init_signal_1                   0x080002ab   Thumb Code     0  libinit2.o(.ARM.Collect$$libinit$$0000001D)
    __rt_lib_init_stdio_1                    0x080002ab   Thumb Code     0  libinit2.o(.ARM.Collect$$libinit$$00000025)
    __rt_lib_shutdown                        0x080002ad   Thumb Code     0  libshutdown.o(.ARM.Collect$$libshutdown$$00000000)
    __rt_lib_shutdown_cpp_1                  0x080002af   Thumb Code     0  libshutdown2.o(.ARM.Collect$$libshutdown$$00000002)
    __rt_lib_shutdown_fp_trap_1              0x080002af   Thumb Code     0  libshutdown2.o(.ARM.Collect$$libshutdown$$00000007)
    __rt_lib_shutdown_heap_1                 0x080002af   Thumb Code     0  libshutdown2.o(.ARM.Collect$$libshutdown$$0000000F)
    __rt_lib_shutdown_return                 0x080002af   Thumb Code     0  libshutdown2.o(.ARM.Collect$$libshutdown$$00000010)
    __rt_lib_shutdown_signal_1               0x080002af   Thumb Code     0  libshutdown2.o(.ARM.Collect$$libshutdown$$0000000A)
    __rt_lib_shutdown_stdio_1                0x080002af   Thumb Code     0  libshutdown2.o(.ARM.Collect$$libshutdown$$00000004)
    __rt_lib_shutdown_user_alloc_1           0x080002af   Thumb Code     0  libshutdown2.o(.ARM.Collect$$libshutdown$$0000000C)
    __rt_entry                               0x080002b1   Thumb Code     0  __rtentry.o(.ARM.Collect$$rtentry$$00000000)
    __rt_entry_presh_1                       0x080002b1   Thumb Code     0  __rtentry2.o(.ARM.Collect$$rtentry$$00000002)
    __rt_entry_sh                            0x080002b1   Thumb Code     0  __rtentry4.o(.ARM.Collect$$rtentry$$00000004)
    __rt_entry_li                            0x080002b7   Thumb Code     0  __rtentry2.o(.ARM.Collect$$rtentry$$0000000A)
    __rt_entry_postsh_1                      0x080002b7   Thumb Code     0  __rtentry2.o(.ARM.Collect$$rtentry$$00000009)
    __rt_entry_main                          0x080002bb   Thumb Code     0  __rtentry2.o(.ARM.Collect$$rtentry$$0000000D)
    __rt_entry_postli_1                      0x080002bb   Thumb Code     0  __rtentry2.o(.ARM.Collect$$rtentry$$0000000C)
    __rt_exit                                0x080002c3   Thumb Code     0  rtexit.o(.ARM.Collect$$rtexit$$00000000)
    __rt_exit_ls                             0x080002c5   Thumb Code     0  rtexit2.o(.ARM.Collect$$rtexit$$00000003)
    __rt_exit_prels_1                        0x080002c5   Thumb Code     0  rtexit2.o(.ARM.Collect$$rtexit$$00000002)
    __rt_exit_exit                           0x080002c9   Thumb Code     0  rtexit2.o(.ARM.Collect$$rtexit$$00000004)
    Reset_Handler                            0x080002d1   Thumb Code     8  startup_at32f403a_407.o(.text)
    ACC_IRQHandler                           0x080002eb   Thumb Code     0  startup_at32f403a_407.o(.text)
    ADC1_2_IRQHandler                        0x080002eb   Thumb Code     0  startup_at32f403a_407.o(.text)
    ADC3_IRQHandler                          0x080002eb   Thumb Code     0  startup_at32f403a_407.o(.text)
    CAN1_RX1_IRQHandler                      0x080002eb   Thumb Code     0  startup_at32f403a_407.o(.text)
    CAN1_SE_IRQHandler                       0x080002eb   Thumb Code     0  startup_at32f403a_407.o(.text)
    CAN2_RX0_IRQHandler                      0x080002eb   Thumb Code     0  startup_at32f403a_407.o(.text)
    CAN2_RX1_IRQHandler                      0x080002eb   Thumb Code     0  startup_at32f403a_407.o(.text)
    CAN2_SE_IRQHandler                       0x080002eb   Thumb Code     0  startup_at32f403a_407.o(.text)
    CAN2_TX_IRQHandler                       0x080002eb   Thumb Code     0  startup_at32f403a_407.o(.text)
    CRM_IRQHandler                           0x080002eb   Thumb Code     0  startup_at32f403a_407.o(.text)
    DMA1_Channel1_IRQHandler                 0x080002eb   Thumb Code     0  startup_at32f403a_407.o(.text)
    DMA1_Channel2_IRQHandler                 0x080002eb   Thumb Code     0  startup_at32f403a_407.o(.text)
    DMA1_Channel3_IRQHandler                 0x080002eb   Thumb Code     0  startup_at32f403a_407.o(.text)
    DMA1_Channel4_IRQHandler                 0x080002eb   Thumb Code     0  startup_at32f403a_407.o(.text)
    DMA1_Channel5_IRQHandler                 0x080002eb   Thumb Code     0  startup_at32f403a_407.o(.text)
    DMA1_Channel6_IRQHandler                 0x080002eb   Thumb Code     0  startup_at32f403a_407.o(.text)
    DMA1_Channel7_IRQHandler                 0x080002eb   Thumb Code     0  startup_at32f403a_407.o(.text)
    DMA2_Channel1_IRQHandler                 0x080002eb   Thumb Code     0  startup_at32f403a_407.o(.text)
    DMA2_Channel2_IRQHandler                 0x080002eb   Thumb Code     0  startup_at32f403a_407.o(.text)
    DMA2_Channel3_IRQHandler                 0x080002eb   Thumb Code     0  startup_at32f403a_407.o(.text)
    DMA2_Channel4_5_IRQHandler               0x080002eb   Thumb Code     0  startup_at32f403a_407.o(.text)
    DMA2_Channel6_7_IRQHandler               0x080002eb   Thumb Code     0  startup_at32f403a_407.o(.text)
    EMAC_IRQHandler                          0x080002eb   Thumb Code     0  startup_at32f403a_407.o(.text)
    EMAC_WKUP_IRQHandler                     0x080002eb   Thumb Code     0  startup_at32f403a_407.o(.text)
    EXINT0_IRQHandler                        0x080002eb   Thumb Code     0  startup_at32f403a_407.o(.text)
    EXINT15_10_IRQHandler                    0x080002eb   Thumb Code     0  startup_at32f403a_407.o(.text)
    EXINT1_IRQHandler                        0x080002eb   Thumb Code     0  startup_at32f403a_407.o(.text)
    EXINT2_IRQHandler                        0x080002eb   Thumb Code     0  startup_at32f403a_407.o(.text)
    EXINT3_IRQHandler                        0x080002eb   Thumb Code     0  startup_at32f403a_407.o(.text)
    EXINT4_IRQHandler                        0x080002eb   Thumb Code     0  startup_at32f403a_407.o(.text)
    EXINT9_5_IRQHandler                      0x080002eb   Thumb Code     0  startup_at32f403a_407.o(.text)
    FLASH_IRQHandler                         0x080002eb   Thumb Code     0  startup_at32f403a_407.o(.text)
    I2C1_ERR_IRQHandler                      0x080002eb   Thumb Code     0  startup_at32f403a_407.o(.text)
    I2C1_EVT_IRQHandler                      0x080002eb   Thumb Code     0  startup_at32f403a_407.o(.text)
    I2C2_ERR_IRQHandler                      0x080002eb   Thumb Code     0  startup_at32f403a_407.o(.text)
    I2C2_EVT_IRQHandler                      0x080002eb   Thumb Code     0  startup_at32f403a_407.o(.text)
    I2C3_ERR_IRQHandler                      0x080002eb   Thumb Code     0  startup_at32f403a_407.o(.text)
    I2C3_EVT_IRQHandler                      0x080002eb   Thumb Code     0  startup_at32f403a_407.o(.text)
    PVM_IRQHandler                           0x080002eb   Thumb Code     0  startup_at32f403a_407.o(.text)
    RTCAlarm_IRQHandler                      0x080002eb   Thumb Code     0  startup_at32f403a_407.o(.text)
    RTC_IRQHandler                           0x080002eb   Thumb Code     0  startup_at32f403a_407.o(.text)
    SDIO1_IRQHandler                         0x080002eb   Thumb Code     0  startup_at32f403a_407.o(.text)
    SDIO2_IRQHandler                         0x080002eb   Thumb Code     0  startup_at32f403a_407.o(.text)
    SPI1_IRQHandler                          0x080002eb   Thumb Code     0  startup_at32f403a_407.o(.text)
    SPI2_I2S2EXT_IRQHandler                  0x080002eb   Thumb Code     0  startup_at32f403a_407.o(.text)
    SPI3_I2S3EXT_IRQHandler                  0x080002eb   Thumb Code     0  startup_at32f403a_407.o(.text)
    SPI4_IRQHandler                          0x080002eb   Thumb Code     0  startup_at32f403a_407.o(.text)
    TAMPER_IRQHandler                        0x080002eb   Thumb Code     0  startup_at32f403a_407.o(.text)
    TMR1_BRK_TMR9_IRQHandler                 0x080002eb   Thumb Code     0  startup_at32f403a_407.o(.text)
    TMR1_CH_IRQHandler                       0x080002eb   Thumb Code     0  startup_at32f403a_407.o(.text)
    TMR1_OVF_TMR10_IRQHandler                0x080002eb   Thumb Code     0  startup_at32f403a_407.o(.text)
    TMR1_TRG_HALL_TMR11_IRQHandler           0x080002eb   Thumb Code     0  startup_at32f403a_407.o(.text)
    TMR2_GLOBAL_IRQHandler                   0x080002eb   Thumb Code     0  startup_at32f403a_407.o(.text)
    TMR3_GLOBAL_IRQHandler                   0x080002eb   Thumb Code     0  startup_at32f403a_407.o(.text)
    TMR4_GLOBAL_IRQHandler                   0x080002eb   Thumb Code     0  startup_at32f403a_407.o(.text)
    TMR5_GLOBAL_IRQHandler                   0x080002eb   Thumb Code     0  startup_at32f403a_407.o(.text)
    TMR6_GLOBAL_IRQHandler                   0x080002eb   Thumb Code     0  startup_at32f403a_407.o(.text)
    TMR7_GLOBAL_IRQHandler                   0x080002eb   Thumb Code     0  startup_at32f403a_407.o(.text)
    TMR8_BRK_TMR12_IRQHandler                0x080002eb   Thumb Code     0  startup_at32f403a_407.o(.text)
    TMR8_CH_IRQHandler                       0x080002eb   Thumb Code     0  startup_at32f403a_407.o(.text)
    TMR8_OVF_TMR13_IRQHandler                0x080002eb   Thumb Code     0  startup_at32f403a_407.o(.text)
    TMR8_TRG_HALL_TMR14_IRQHandler           0x080002eb   Thumb Code     0  startup_at32f403a_407.o(.text)
    UART4_IRQHandler                         0x080002eb   Thumb Code     0  startup_at32f403a_407.o(.text)
    UART5_IRQHandler                         0x080002eb   Thumb Code     0  startup_at32f403a_407.o(.text)
    UART7_IRQHandler                         0x080002eb   Thumb Code     0  startup_at32f403a_407.o(.text)
    UART8_IRQHandler                         0x080002eb   Thumb Code     0  startup_at32f403a_407.o(.text)
    USART2_IRQHandler                        0x080002eb   Thumb Code     0  startup_at32f403a_407.o(.text)
    USART3_IRQHandler                        0x080002eb   Thumb Code     0  startup_at32f403a_407.o(.text)
    USART6_IRQHandler                        0x080002eb   Thumb Code     0  startup_at32f403a_407.o(.text)
    USBFSWakeUp_IRQHandler                   0x080002eb   Thumb Code     0  startup_at32f403a_407.o(.text)
    USBFS_H_CAN1_TX_IRQHandler               0x080002eb   Thumb Code     0  startup_at32f403a_407.o(.text)
    USBFS_L_CAN1_RX0_IRQHandler              0x080002eb   Thumb Code     0  startup_at32f403a_407.o(.text)
    USBFS_MAPH_IRQHandler                    0x080002eb   Thumb Code     0  startup_at32f403a_407.o(.text)
    USBFS_MAPL_IRQHandler                    0x080002eb   Thumb Code     0  startup_at32f403a_407.o(.text)
    WWDT_IRQHandler                          0x080002eb   Thumb Code     0  startup_at32f403a_407.o(.text)
    XMC_IRQHandler                           0x080002eb   Thumb Code     0  startup_at32f403a_407.o(.text)
    __user_initial_stackheap                 0x080002ed   Thumb Code     0  startup_at32f403a_407.o(.text)
    vsnprintf                                0x08000311   Thumb Code    48  vsnprintf.o(.text)
    _printf_str                              0x08000345   Thumb Code    82  _printf_str.o(.text)
    __printf                                 0x08000399   Thumb Code   388  __printf_flags_ss_wp.o(.text)
    strlen                                   0x08000521   Thumb Code    62  strlen.o(.text)
    __aeabi_memclr4                          0x0800055f   Thumb Code     0  rt_memclr_w.o(.text)
    __aeabi_memclr8                          0x0800055f   Thumb Code     0  rt_memclr_w.o(.text)
    __rt_memclr_w                            0x0800055f   Thumb Code     0  rt_memclr_w.o(.text)
    _memset_w                                0x08000563   Thumb Code    74  rt_memclr_w.o(.text)
    __use_two_region_memory                  0x080005ad   Thumb Code     2  heapauxi.o(.text)
    __rt_heap_escrow$2region                 0x080005af   Thumb Code     2  heapauxi.o(.text)
    __rt_heap_expand$2region                 0x080005b1   Thumb Code     2  heapauxi.o(.text)
    _printf_pre_padding                      0x080005b3   Thumb Code    44  _printf_pad.o(.text)
    _printf_post_padding                     0x080005df   Thumb Code    34  _printf_pad.o(.text)
    _printf_truncate_signed                  0x08000601   Thumb Code    18  _printf_truncate.o(.text)
    _printf_truncate_unsigned                0x08000613   Thumb Code    18  _printf_truncate.o(.text)
    _printf_int_dec                          0x08000625   Thumb Code   104  _printf_dec.o(.text)
    _printf_charcount                        0x0800069d   Thumb Code    40  _printf_charcount.o(.text)
    _printf_char_common                      0x080006cf   Thumb Code    32  _printf_char_common.o(.text)
    _sputc                                   0x080006f5   Thumb Code    10  _sputc.o(.text)
    _snputc                                  0x080006ff   Thumb Code    16  _snputc.o(.text)
    _printf_cs_common                        0x0800070f   Thumb Code    20  _printf_char.o(.text)
    _printf_char                             0x08000723   Thumb Code    16  _printf_char.o(.text)
    _printf_string                           0x08000733   Thumb Code     8  _printf_char.o(.text)
    _printf_wctomb                           0x0800073d   Thumb Code   182  _printf_wctomb.o(.text)
    _printf_longlong_dec                     0x080007f9   Thumb Code   108  _printf_longlong_dec.o(.text)
    _printf_longlong_oct                     0x08000875   Thumb Code    68  _printf_oct_int_ll.o(.text)
    _printf_int_oct                          0x080008b9   Thumb Code    24  _printf_oct_int_ll.o(.text)
    _printf_ll_oct                           0x080008d1   Thumb Code    12  _printf_oct_int_ll.o(.text)
    _printf_longlong_hex                     0x080008e5   Thumb Code    86  _printf_hex_int_ll_ptr.o(.text)
    _printf_int_hex                          0x0800093b   Thumb Code    28  _printf_hex_int_ll_ptr.o(.text)
    _printf_ll_hex                           0x08000957   Thumb Code    12  _printf_hex_int_ll_ptr.o(.text)
    _printf_hex_ptr                          0x08000963   Thumb Code    18  _printf_hex_int_ll_ptr.o(.text)
    _sys_exit                                0x08000979   Thumb Code     8  sys_exit.o(.text)
    __user_libspace                          0x08000985   Thumb Code     8  libspace.o(.text)
    __user_perproc_libspace                  0x08000985   Thumb Code     0  libspace.o(.text)
    __user_perthread_libspace                0x08000985   Thumb Code     0  libspace.o(.text)
    __rt_ctype_table                         0x0800098d   Thumb Code    16  rt_ctype_table.o(.text)
    _ll_udiv10                               0x0800099d   Thumb Code   138  lludiv10.o(.text)
    _printf_int_common                       0x08000a27   Thumb Code   178  _printf_intcommon.o(.text)
    _printf_fp_dec_real                      0x08000c89   Thumb Code   620  _printf_fp_dec.o(.text)
    _printf_fp_hex_real                      0x08000ef5   Thumb Code   756  _printf_fp_hex.o(.text)
    _printf_lcs_common                       0x080011f1   Thumb Code    20  _printf_wchar.o(.text)
    _printf_wchar                            0x08001205   Thumb Code    16  _printf_wchar.o(.text)
    _printf_wstring                          0x08001215   Thumb Code     8  _printf_wchar.o(.text)
    _c16rtomb                                0x0800121d   Thumb Code    72  _c16rtomb.o(.text)
    _wcrtomb                                 0x0800121d   Thumb Code     0  _c16rtomb.o(.text)
    __I$use$semihosting                      0x08001265   Thumb Code     0  use_no_semi.o(.text)
    __use_no_semihosting_swi                 0x08001265   Thumb Code     2  use_no_semi.o(.text)
    __semihosting_library_function           0x08001267   Thumb Code     0  indicate_semi.o(.text)
    __user_setup_stackheap                   0x08001267   Thumb Code    74  sys_stackheap_outer.o(.text)
    __rt_locale                              0x080012b1   Thumb Code     8  rt_locale_intlibspace.o(.text)
    _printf_fp_infnan                        0x080012b9   Thumb Code   112  _printf_fp_infnan.o(.text)
    _btod_etento                             0x08001339   Thumb Code   224  bigflt0.o(.text)
    exit                                     0x0800141d   Thumb Code    18  exit.o(.text)
    strcmp                                   0x08001431   Thumb Code   124  strcmpv7em.o(.text)
    BusFault_Handler                         0x080014ad   Thumb Code     2  at32f403a_407_int.o(.text.BusFault_Handler)
    DebugMon_Handler                         0x080014b1   Thumb Code     2  at32f403a_407_int.o(.text.DebugMon_Handler)
    HardFault_Handler                        0x080014b5   Thumb Code     2  at32f403a_407_int.o(.text.HardFault_Handler)
    MemManage_Handler                        0x080014b9   Thumb Code     2  at32f403a_407_int.o(.text.MemManage_Handler)
    NMI_Handler                              0x080014bd   Thumb Code     2  at32f403a_407_int.o(.text.NMI_Handler)
    PendSV_Handler                           0x08001511   Thumb Code     2  at32f403a_407_int.o(.text.PendSV_Handler)
    SVC_Handler                              0x08001515   Thumb Code     2  at32f403a_407_int.o(.text.SVC_Handler)
    SysTick_Handler                          0x08001519   Thumb Code     2  at32f403a_407_int.o(.text.SysTick_Handler)
    SystemInit                               0x0800151d   Thumb Code    92  system_at32f403a_407.o(.text.SystemInit)
    USART1_IRQHandler                        0x08001579   Thumb Code    80  at32f403a_407_int.o(.text.USART1_IRQHandler)
    UsageFault_Handler                       0x080015c9   Thumb Code     2  at32f403a_407_int.o(.text.UsageFault_Handler)
    check_key_task                           0x08001665   Thumb Code   172  drv_key.o(.text.check_key_task)
    crm_ahb_div_set                          0x0800172d   Thumb Code    26  at32f403a_407_crm.o(.text.crm_ahb_div_set)
    crm_apb1_div_set                         0x08001749   Thumb Code    26  at32f403a_407_crm.o(.text.crm_apb1_div_set)
    crm_apb2_div_set                         0x08001765   Thumb Code    26  at32f403a_407_crm.o(.text.crm_apb2_div_set)
    crm_auto_step_mode_enable                0x08001781   Thumb Code    24  at32f403a_407_crm.o(.text.crm_auto_step_mode_enable)
    crm_clock_source_enable                  0x08001799   Thumb Code   122  at32f403a_407_crm.o(.text.crm_clock_source_enable)
    crm_clocks_freq_get                      0x08001815   Thumb Code   208  at32f403a_407_crm.o(.text.crm_clocks_freq_get)
    crm_flag_get                             0x08001905   Thumb Code    26  at32f403a_407_crm.o(.text.crm_flag_get)
    crm_hext_stable_wait                     0x08001921   Thumb Code    40  at32f403a_407_crm.o(.text.crm_hext_stable_wait)
    crm_periph_clock_enable                  0x08001949   Thumb Code    40  at32f403a_407_crm.o(.text.crm_periph_clock_enable)
    crm_pll_config                           0x08001971   Thumb Code   112  at32f403a_407_crm.o(.text.crm_pll_config)
    crm_reset                                0x080019e1   Thumb Code    68  at32f403a_407_crm.o(.text.crm_reset)
    crm_sysclk_switch                        0x08001a25   Thumb Code    58  at32f403a_407_crm.o(.text.crm_sysclk_switch)
    crm_sysclk_switch_status_get             0x08001a61   Thumb Code    16  at32f403a_407_crm.o(.text.crm_sysclk_switch_status_get)
    debug_comm_task                          0x08001a71   Thumb Code    48  sver_comm.o(.text.debug_comm_task)
    debug_printf                             0x08001ab1   Thumb Code    66  drv_printf.o(.text.debug_printf)
    drv_key_gpio_init                        0x08001b25   Thumb Code    96  drv_key.o(.text.drv_key_gpio_init)
    drv_led_init                             0x08001b85   Thumb Code    70  drv_led.o(.text.drv_led_init)
    free_mem_size_task                       0x08001bcd   Thumb Code    92  sver_mem.o(.text.free_mem_size_task)
    get_free_count                           0x08001c39   Thumb Code    48  static_list.o(.text.get_free_count)
    get_used_head                            0x08001c69   Thumb Code    14  static_list.o(.text.get_used_head)
    gpio_bits_reset                          0x08001c79   Thumb Code     4  at32f403a_407_gpio.o(.text.gpio_bits_reset)
    gpio_bits_set                            0x08001c7d   Thumb Code     4  at32f403a_407_gpio.o(.text.gpio_bits_set)
    gpio_default_para_init                   0x08001c81   Thumb Code    18  at32f403a_407_gpio.o(.text.gpio_default_para_init)
    gpio_init                                0x08001c95   Thumb Code   190  at32f403a_407_gpio.o(.text.gpio_init)
    gpio_input_data_bit_read                 0x08001d55   Thumb Code    14  at32f403a_407_gpio.o(.text.gpio_input_data_bit_read)
    gpio_pin_remap_config                    0x08001d65   Thumb Code    68  at32f403a_407_gpio.o(.text.gpio_pin_remap_config)
    is_key_pressed                           0x08001da9   Thumb Code    24  drv_key.o(.text.is_key_pressed)
    led_blink_task                           0x08001dc1   Thumb Code   198  drv_led.o(.text.led_blink_task)
    led_set_state                            0x08001e89   Thumb Code    30  drv_led.o(.text.led_set_state)
    main                                     0x08001ea9   Thumb Code   128  main.o(.text.main)
    nvic_irq_enable                          0x08001f29   Thumb Code    36  at32f403a_407_misc.o(.text.nvic_irq_enable)
    nvic_priority_group_config               0x08001f4d   Thumb Code     8  at32f403a_407_misc.o(.text.nvic_priority_group_config)
    on_long_hold_func                        0x08001f55   Thumb Code    16  drv_key.o(.text.on_long_hold_func)
    on_short_hold_func                       0x08001f79   Thumb Code    44  drv_key.o(.text.on_short_hold_func)
    print_START                              0x08001fa5   Thumb Code    92  drv_printf.o(.text.print_START)
    reset_usart_recv                         0x08002065   Thumb Code    24  drv_usart.o(.text.reset_usart_recv)
    start_led_blink                          0x0800207d   Thumb Code    42  drv_led.o(.text.start_led_blink)
    system_core_clock_update                 0x080020a9   Thumb Code   160  system_at32f403a_407.o(.text.system_core_clock_update)
    systick_clock_source_config              0x08002159   Thumb Code    24  at32f403a_407_misc.o(.text.systick_clock_source_config)
    task_alloc                               0x08002171   Thumb Code    82  static_list.o(.text.task_alloc)
    task_insert_head                         0x080021c5   Thumb Code    60  static_list.o(.text.task_insert_head)
    task_list_init                           0x08002201   Thumb Code    66  static_list.o(.text.task_list_init)
    task_list_run                            0x08002245   Thumb Code    46  static_list.o(.text.task_list_run)
    usart_data_receive                       0x08002275   Thumb Code     6  at32f403a_407_usart.o(.text.usart_data_receive)
    usart_data_transmit                      0x0800227d   Thumb Code     8  at32f403a_407_usart.o(.text.usart_data_transmit)
    usart_enable                             0x08002285   Thumb Code    18  at32f403a_407_usart.o(.text.usart_enable)
    usart_flag_clear                         0x08002299   Thumb Code    16  at32f403a_407_usart.o(.text.usart_flag_clear)
    usart_flag_get                           0x080022a9   Thumb Code    10  at32f403a_407_usart.o(.text.usart_flag_get)
    usart_hardware_flow_control_set          0x080022b5   Thumb Code    66  at32f403a_407_usart.o(.text.usart_hardware_flow_control_set)
    usart_init                               0x080022f9   Thumb Code   178  at32f403a_407_usart.o(.text.usart_init)
    usart_interrupt_enable                   0x080023ad   Thumb Code    32  at32f403a_407_usart.o(.text.usart_interrupt_enable)
    usart_parity_selection_config            0x080023cd   Thumb Code    58  at32f403a_407_usart.o(.text.usart_parity_selection_config)
    usart_receiver_enable                    0x08002409   Thumb Code    18  at32f403a_407_usart.o(.text.usart_receiver_enable)
    usart_transmitter_enable                 0x0800241d   Thumb Code    18  at32f403a_407_usart.o(.text.usart_transmitter_enable)
    usart_write_block                        0x08002431   Thumb Code    74  drv_usart.o(.text.usart_write_block)
    wk_debug_config                          0x0800247d   Thumb Code    18  wk_debug.o(.text.wk_debug_config)
    wk_delay_ms                              0x08002491   Thumb Code    48  wk_system.o(.text.wk_delay_ms)
    wk_gpio_config                           0x080024c1   Thumb Code    76  wk_gpio.o(.text.wk_gpio_config)
    wk_nvic_config                           0x0800250d   Thumb Code   160  at32f403a_407_wk_config.o(.text.wk_nvic_config)
    wk_periph_clock_config                   0x080025ad   Thumb Code    54  at32f403a_407_wk_config.o(.text.wk_periph_clock_config)
    wk_system_clock_config                   0x080025e5   Thumb Code   144  at32f403a_407_wk_config.o(.text.wk_system_clock_config)
    wk_timebase_init                         0x08002675   Thumb Code    72  wk_system.o(.text.wk_timebase_init)
    wk_usart1_init                           0x080026bd   Thumb Code   156  wk_usart.o(.text.wk_usart1_init)
    _btod_d2e                                0x08002759   Thumb Code    62  btod.o(CL$$btod_d2e)
    _d2e_denorm_low                          0x08002797   Thumb Code    70  btod.o(CL$$btod_d2e_denorm_low)
    _d2e_norm_op1                            0x080027dd   Thumb Code    96  btod.o(CL$$btod_d2e_norm_op1)
    __btod_div_common                        0x0800283d   Thumb Code   696  btod.o(CL$$btod_div_common)
    _e2e                                     0x08002b75   Thumb Code   220  btod.o(CL$$btod_e2e)
    _btod_ediv                               0x08002c51   Thumb Code    42  btod.o(CL$$btod_ediv)
    _btod_emul                               0x08002c7b   Thumb Code    42  btod.o(CL$$btod_emul)
    __btod_mult_common                       0x08002ca5   Thumb Code   580  btod.o(CL$$btod_mult_common)
    __ARM_fpclassify                         0x08002ee9   Thumb Code    48  fpclassify.o(i.__ARM_fpclassify)
    _is_digit                                0x08002f19   Thumb Code    14  __printf_wp.o(i._is_digit)
    _get_lc_numeric                          0x08002f29   Thumb Code    44  lc_numeric_c.o(locale$$code)
    _get_lc_ctype                            0x08002f55   Thumb Code    44  lc_ctype_c.o(locale$$code)
    _fp_init                                 0x08002f81   Thumb Code    26  fpinit.o(x$fpl$fpinit)
    __fplib_config_fpu_vfp                   0x08002f99   Thumb Code     0  fpinit.o(x$fpl$fpinit)
    __fplib_config_pureend_doubles           0x08002f99   Thumb Code     0  fpinit.o(x$fpl$fpinit)
    _printf_fp_dec                           0x08002f9b   Thumb Code     4  printf1.o(x$fpl$printf1)
    _printf_fp_hex                           0x08002f9f   Thumb Code     4  printf2.o(x$fpl$printf2)
    __I$use$fp                               0x08002fa2   Number         0  usenofp.o(x$fpl$usenofp)
    Region$$Table$$Base                      0x08003188   Number         0  anon$$obj.o(Region$$Table)
    Region$$Table$$Limit                     0x080031a8   Number         0  anon$$obj.o(Region$$Table)
    __ctype                                  0x080031d1   Data           0  lc_ctype_c.o(locale$$data)
    system_core_clock                        0x20000000   Data           4  system_at32f403a_407.o(.data.system_core_clock)
    usart_debug_recv_info                    0x20000004   Data          12  drv_usart.o(.data.usart_debug_recv_info)
    used_head                                0x20000010   Data           1  static_list.o(.data.used_head)
    __libspace_start                         0x20000018   Data          96  libspace.o(.bss)
    __temporary_stack_top$libspace           0x20000078   Data           0  libspace.o(.bss)
    free_head                                0x200000fb   Data           1  static_list.o(.bss.free_head)
    task_pool                                0x20000108   Data         240  static_list.o(.bss.task_pool)
    ticks_count_us                           0x200001f8   Data           4  wk_system.o(.bss.ticks_count_us)
    usart1_rx_buffer                         0x200001fc   Data         255  drv_usart.o(.bss.usart1_rx_buffer)



==============================================================================

Memory Map of the image

  Image Entry point : 0x08000185

  Load Region LR_IROM1 (Base: 0x08000000, Size: 0x000032f0, Max: 0x00100000, ABSOLUTE)

    Execution Region ER_IROM1 (Exec base: 0x08000000, Load base: 0x08000000, Size: 0x000032d4, Max: 0x00100000, ABSOLUTE)

    Exec Addr    Load Addr    Size         Type   Attr      Idx    E Section Name        Object

    0x08000000   0x08000000   0x00000184   Data   RO         1307    RESET               startup_at32f403a_407.o
    0x08000184   0x08000184   0x00000008   Code   RO         1549  * !!!main             c_w.l(__main.o)
    0x0800018c   0x0800018c   0x00000034   Code   RO         1990    !!!scatter          c_w.l(__scatter.o)
    0x080001c0   0x080001c0   0x0000001a   Code   RO         1992    !!handler_copy      c_w.l(__scatter_copy.o)
    0x080001da   0x080001da   0x00000002   PAD
    0x080001dc   0x080001dc   0x0000001c   Code   RO         1994    !!handler_zi        c_w.l(__scatter_zi.o)
    0x080001f8   0x080001f8   0x00000000   Code   RO         1536    .ARM.Collect$$_printf_percent$$00000000  c_w.l(_printf_percent.o)
    0x080001f8   0x080001f8   0x00000006   Code   RO         1616    .ARM.Collect$$_printf_percent$$00000001  c_w.l(_printf_n.o)
    0x080001fe   0x080001fe   0x00000006   Code   RO         1618    .ARM.Collect$$_printf_percent$$00000002  c_w.l(_printf_p.o)
    0x08000204   0x08000204   0x00000006   Code   RO         1623    .ARM.Collect$$_printf_percent$$00000003  c_w.l(_printf_f.o)
    0x0800020a   0x0800020a   0x00000006   Code   RO         1624    .ARM.Collect$$_printf_percent$$00000004  c_w.l(_printf_e.o)
    0x08000210   0x08000210   0x00000006   Code   RO         1625    .ARM.Collect$$_printf_percent$$00000005  c_w.l(_printf_g.o)
    0x08000216   0x08000216   0x00000006   Code   RO         1626    .ARM.Collect$$_printf_percent$$00000006  c_w.l(_printf_a.o)
    0x0800021c   0x0800021c   0x0000000a   Code   RO         1631    .ARM.Collect$$_printf_percent$$00000007  c_w.l(_printf_ll.o)
    0x08000226   0x08000226   0x00000006   Code   RO         1620    .ARM.Collect$$_printf_percent$$00000008  c_w.l(_printf_i.o)
    0x0800022c   0x0800022c   0x00000006   Code   RO         1621    .ARM.Collect$$_printf_percent$$00000009  c_w.l(_printf_d.o)
    0x08000232   0x08000232   0x00000006   Code   RO         1622    .ARM.Collect$$_printf_percent$$0000000A  c_w.l(_printf_u.o)
    0x08000238   0x08000238   0x00000006   Code   RO         1619    .ARM.Collect$$_printf_percent$$0000000B  c_w.l(_printf_o.o)
    0x0800023e   0x0800023e   0x00000006   Code   RO         1617    .ARM.Collect$$_printf_percent$$0000000C  c_w.l(_printf_x.o)
    0x08000244   0x08000244   0x00000006   Code   RO         1628    .ARM.Collect$$_printf_percent$$0000000D  c_w.l(_printf_lli.o)
    0x0800024a   0x0800024a   0x00000006   Code   RO         1629    .ARM.Collect$$_printf_percent$$0000000E  c_w.l(_printf_lld.o)
    0x08000250   0x08000250   0x00000006   Code   RO         1630    .ARM.Collect$$_printf_percent$$0000000F  c_w.l(_printf_llu.o)
    0x08000256   0x08000256   0x00000006   Code   RO         1635    .ARM.Collect$$_printf_percent$$00000010  c_w.l(_printf_llo.o)
    0x0800025c   0x0800025c   0x00000006   Code   RO         1636    .ARM.Collect$$_printf_percent$$00000011  c_w.l(_printf_llx.o)
    0x08000262   0x08000262   0x0000000a   Code   RO         1632    .ARM.Collect$$_printf_percent$$00000012  c_w.l(_printf_l.o)
    0x0800026c   0x0800026c   0x00000006   Code   RO         1615    .ARM.Collect$$_printf_percent$$00000013  c_w.l(_printf_c.o)
    0x08000272   0x08000272   0x00000006   Code   RO         1535    .ARM.Collect$$_printf_percent$$00000014  c_w.l(_printf_s.o)
    0x08000278   0x08000278   0x00000006   Code   RO         1633    .ARM.Collect$$_printf_percent$$00000015  c_w.l(_printf_lc.o)
    0x0800027e   0x0800027e   0x00000006   Code   RO         1634    .ARM.Collect$$_printf_percent$$00000016  c_w.l(_printf_ls.o)
    0x08000284   0x08000284   0x00000004   Code   RO         1627    .ARM.Collect$$_printf_percent$$00000017  c_w.l(_printf_percent_end.o)
    0x08000288   0x08000288   0x00000002   Code   RO         1781    .ARM.Collect$$libinit$$00000000  c_w.l(libinit.o)
    0x0800028a   0x0800028a   0x00000004   Code   RO         1782    .ARM.Collect$$libinit$$00000001  c_w.l(libinit2.o)
    0x0800028e   0x0800028e   0x00000000   Code   RO         1785    .ARM.Collect$$libinit$$00000004  c_w.l(libinit2.o)
    0x0800028e   0x0800028e   0x00000000   Code   RO         1788    .ARM.Collect$$libinit$$0000000A  c_w.l(libinit2.o)
    0x0800028e   0x0800028e   0x00000000   Code   RO         1790    .ARM.Collect$$libinit$$0000000C  c_w.l(libinit2.o)
    0x0800028e   0x0800028e   0x00000000   Code   RO         1792    .ARM.Collect$$libinit$$0000000E  c_w.l(libinit2.o)
    0x0800028e   0x0800028e   0x00000006   Code   RO         1793    .ARM.Collect$$libinit$$0000000F  c_w.l(libinit2.o)
    0x08000294   0x08000294   0x00000000   Code   RO         1795    .ARM.Collect$$libinit$$00000011  c_w.l(libinit2.o)
    0x08000294   0x08000294   0x0000000c   Code   RO         1796    .ARM.Collect$$libinit$$00000012  c_w.l(libinit2.o)
    0x080002a0   0x080002a0   0x00000000   Code   RO         1797    .ARM.Collect$$libinit$$00000013  c_w.l(libinit2.o)
    0x080002a0   0x080002a0   0x00000000   Code   RO         1799    .ARM.Collect$$libinit$$00000015  c_w.l(libinit2.o)
    0x080002a0   0x080002a0   0x0000000a   Code   RO         1800    .ARM.Collect$$libinit$$00000016  c_w.l(libinit2.o)
    0x080002aa   0x080002aa   0x00000000   Code   RO         1801    .ARM.Collect$$libinit$$00000017  c_w.l(libinit2.o)
    0x080002aa   0x080002aa   0x00000000   Code   RO         1803    .ARM.Collect$$libinit$$00000019  c_w.l(libinit2.o)
    0x080002aa   0x080002aa   0x00000000   Code   RO         1805    .ARM.Collect$$libinit$$0000001B  c_w.l(libinit2.o)
    0x080002aa   0x080002aa   0x00000000   Code   RO         1807    .ARM.Collect$$libinit$$0000001D  c_w.l(libinit2.o)
    0x080002aa   0x080002aa   0x00000000   Code   RO         1809    .ARM.Collect$$libinit$$0000001F  c_w.l(libinit2.o)
    0x080002aa   0x080002aa   0x00000000   Code   RO         1811    .ARM.Collect$$libinit$$00000021  c_w.l(libinit2.o)
    0x080002aa   0x080002aa   0x00000000   Code   RO         1813    .ARM.Collect$$libinit$$00000023  c_w.l(libinit2.o)
    0x080002aa   0x080002aa   0x00000000   Code   RO         1815    .ARM.Collect$$libinit$$00000025  c_w.l(libinit2.o)
    0x080002aa   0x080002aa   0x00000000   Code   RO         1819    .ARM.Collect$$libinit$$0000002C  c_w.l(libinit2.o)
    0x080002aa   0x080002aa   0x00000000   Code   RO         1821    .ARM.Collect$$libinit$$0000002E  c_w.l(libinit2.o)
    0x080002aa   0x080002aa   0x00000000   Code   RO         1823    .ARM.Collect$$libinit$$00000030  c_w.l(libinit2.o)
    0x080002aa   0x080002aa   0x00000000   Code   RO         1825    .ARM.Collect$$libinit$$00000032  c_w.l(libinit2.o)
    0x080002aa   0x080002aa   0x00000002   Code   RO         1826    .ARM.Collect$$libinit$$00000033  c_w.l(libinit2.o)
    0x080002ac   0x080002ac   0x00000002   Code   RO         1923    .ARM.Collect$$libshutdown$$00000000  c_w.l(libshutdown.o)
    0x080002ae   0x080002ae   0x00000000   Code   RO         1939    .ARM.Collect$$libshutdown$$00000002  c_w.l(libshutdown2.o)
    0x080002ae   0x080002ae   0x00000000   Code   RO         1941    .ARM.Collect$$libshutdown$$00000004  c_w.l(libshutdown2.o)
    0x080002ae   0x080002ae   0x00000000   Code   RO         1944    .ARM.Collect$$libshutdown$$00000007  c_w.l(libshutdown2.o)
    0x080002ae   0x080002ae   0x00000000   Code   RO         1947    .ARM.Collect$$libshutdown$$0000000A  c_w.l(libshutdown2.o)
    0x080002ae   0x080002ae   0x00000000   Code   RO         1949    .ARM.Collect$$libshutdown$$0000000C  c_w.l(libshutdown2.o)
    0x080002ae   0x080002ae   0x00000000   Code   RO         1952    .ARM.Collect$$libshutdown$$0000000F  c_w.l(libshutdown2.o)
    0x080002ae   0x080002ae   0x00000002   Code   RO         1953    .ARM.Collect$$libshutdown$$00000010  c_w.l(libshutdown2.o)
    0x080002b0   0x080002b0   0x00000000   Code   RO         1559    .ARM.Collect$$rtentry$$00000000  c_w.l(__rtentry.o)
    0x080002b0   0x080002b0   0x00000000   Code   RO         1670    .ARM.Collect$$rtentry$$00000002  c_w.l(__rtentry2.o)
    0x080002b0   0x080002b0   0x00000006   Code   RO         1682    .ARM.Collect$$rtentry$$00000004  c_w.l(__rtentry4.o)
    0x080002b6   0x080002b6   0x00000000   Code   RO         1672    .ARM.Collect$$rtentry$$00000009  c_w.l(__rtentry2.o)
    0x080002b6   0x080002b6   0x00000004   Code   RO         1673    .ARM.Collect$$rtentry$$0000000A  c_w.l(__rtentry2.o)
    0x080002ba   0x080002ba   0x00000000   Code   RO         1675    .ARM.Collect$$rtentry$$0000000C  c_w.l(__rtentry2.o)
    0x080002ba   0x080002ba   0x00000008   Code   RO         1676    .ARM.Collect$$rtentry$$0000000D  c_w.l(__rtentry2.o)
    0x080002c2   0x080002c2   0x00000002   Code   RO         1831    .ARM.Collect$$rtexit$$00000000  c_w.l(rtexit.o)
    0x080002c4   0x080002c4   0x00000000   Code   RO         1867    .ARM.Collect$$rtexit$$00000002  c_w.l(rtexit2.o)
    0x080002c4   0x080002c4   0x00000004   Code   RO         1868    .ARM.Collect$$rtexit$$00000003  c_w.l(rtexit2.o)
    0x080002c8   0x080002c8   0x00000006   Code   RO         1869    .ARM.Collect$$rtexit$$00000004  c_w.l(rtexit2.o)
    0x080002ce   0x080002ce   0x00000002   PAD
    0x080002d0   0x080002d0   0x00000040   Code   RO         1308    .text               startup_at32f403a_407.o
    0x08000310   0x08000310   0x00000034   Code   RO         1505    .text               c_w.l(vsnprintf.o)
    0x08000344   0x08000344   0x00000052   Code   RO         1513    .text               c_w.l(_printf_str.o)
    0x08000396   0x08000396   0x00000002   PAD
    0x08000398   0x08000398   0x00000188   Code   RO         1532    .text               c_w.l(__printf_flags_ss_wp.o)
    0x08000520   0x08000520   0x0000003e   Code   RO         1543    .text               c_w.l(strlen.o)
    0x0800055e   0x0800055e   0x0000004e   Code   RO         1545    .text               c_w.l(rt_memclr_w.o)
    0x080005ac   0x080005ac   0x00000006   Code   RO         1547    .text               c_w.l(heapauxi.o)
    0x080005b2   0x080005b2   0x0000004e   Code   RO         1567    .text               c_w.l(_printf_pad.o)
    0x08000600   0x08000600   0x00000024   Code   RO         1569    .text               c_w.l(_printf_truncate.o)
    0x08000624   0x08000624   0x00000078   Code   RO         1571    .text               c_w.l(_printf_dec.o)
    0x0800069c   0x0800069c   0x00000028   Code   RO         1573    .text               c_w.l(_printf_charcount.o)
    0x080006c4   0x080006c4   0x00000030   Code   RO         1575    .text               c_w.l(_printf_char_common.o)
    0x080006f4   0x080006f4   0x0000000a   Code   RO         1577    .text               c_w.l(_sputc.o)
    0x080006fe   0x080006fe   0x00000010   Code   RO         1579    .text               c_w.l(_snputc.o)
    0x0800070e   0x0800070e   0x0000002c   Code   RO         1581    .text               c_w.l(_printf_char.o)
    0x0800073a   0x0800073a   0x00000002   PAD
    0x0800073c   0x0800073c   0x000000bc   Code   RO         1583    .text               c_w.l(_printf_wctomb.o)
    0x080007f8   0x080007f8   0x0000007c   Code   RO         1586    .text               c_w.l(_printf_longlong_dec.o)
    0x08000874   0x08000874   0x00000070   Code   RO         1592    .text               c_w.l(_printf_oct_int_ll.o)
    0x080008e4   0x080008e4   0x00000094   Code   RO         1612    .text               c_w.l(_printf_hex_int_ll_ptr.o)
    0x08000978   0x08000978   0x0000000c   Code   RO         1660    .text               c_w.l(sys_exit.o)
    0x08000984   0x08000984   0x00000008   Code   RO         1666    .text               c_w.l(libspace.o)
    0x0800098c   0x0800098c   0x00000010   Code   RO         1684    .text               c_w.l(rt_ctype_table.o)
    0x0800099c   0x0800099c   0x0000008a   Code   RO         1686    .text               c_w.l(lludiv10.o)
    0x08000a26   0x08000a26   0x000000b2   Code   RO         1690    .text               c_w.l(_printf_intcommon.o)
    0x08000ad8   0x08000ad8   0x0000041c   Code   RO         1692    .text               c_w.l(_printf_fp_dec.o)
    0x08000ef4   0x08000ef4   0x000002fc   Code   RO         1696    .text               c_w.l(_printf_fp_hex.o)
    0x080011f0   0x080011f0   0x0000002c   Code   RO         1701    .text               c_w.l(_printf_wchar.o)
    0x0800121c   0x0800121c   0x00000048   Code   RO         1707    .text               c_w.l(_c16rtomb.o)
    0x08001264   0x08001264   0x00000002   Code   RO         1718    .text               c_w.l(use_no_semi.o)
    0x08001266   0x08001266   0x00000000   Code   RO         1720    .text               c_w.l(indicate_semi.o)
    0x08001266   0x08001266   0x0000004a   Code   RO         1721    .text               c_w.l(sys_stackheap_outer.o)
    0x080012b0   0x080012b0   0x00000008   Code   RO         1728    .text               c_w.l(rt_locale_intlibspace.o)
    0x080012b8   0x080012b8   0x00000080   Code   RO         1730    .text               c_w.l(_printf_fp_infnan.o)
    0x08001338   0x08001338   0x000000e4   Code   RO         1738    .text               c_w.l(bigflt0.o)
    0x0800141c   0x0800141c   0x00000012   Code   RO         1768    .text               c_w.l(exit.o)
    0x0800142e   0x0800142e   0x00000002   PAD
    0x08001430   0x08001430   0x0000007c   Code   RO         1774    .text               c_w.l(strcmpv7em.o)
    0x080014ac   0x080014ac   0x00000002   Code   RO           37    .text.BusFault_Handler  at32f403a_407_int.o
    0x080014ae   0x080014ae   0x00000002   PAD
    0x080014b0   0x080014b0   0x00000002   Code   RO           43    .text.DebugMon_Handler  at32f403a_407_int.o
    0x080014b2   0x080014b2   0x00000002   PAD
    0x080014b4   0x080014b4   0x00000002   Code   RO           33    .text.HardFault_Handler  at32f403a_407_int.o
    0x080014b6   0x080014b6   0x00000002   PAD
    0x080014b8   0x080014b8   0x00000002   Code   RO           35    .text.MemManage_Handler  at32f403a_407_int.o
    0x080014ba   0x080014ba   0x00000002   PAD
    0x080014bc   0x080014bc   0x00000002   Code   RO           31    .text.NMI_Handler   at32f403a_407_int.o
    0x080014be   0x080014be   0x00000002   PAD
    0x080014c0   0x080014c0   0x00000024   Code   RO           19    .text.NVIC_EncodePriority  at32f403a_407_wk_config.o
    0x080014e4   0x080014e4   0x0000002c   Code   RO          764    .text.NVIC_EncodePriority  at32f403a_407_misc.o
    0x08001510   0x08001510   0x00000002   Code   RO           45    .text.PendSV_Handler  at32f403a_407_int.o
    0x08001512   0x08001512   0x00000002   PAD
    0x08001514   0x08001514   0x00000002   Code   RO           41    .text.SVC_Handler   at32f403a_407_int.o
    0x08001516   0x08001516   0x00000002   PAD
    0x08001518   0x08001518   0x00000002   Code   RO           47    .text.SysTick_Handler  at32f403a_407_int.o
    0x0800151a   0x0800151a   0x00000002   PAD
    0x0800151c   0x0800151c   0x0000005c   Code   RO         1315    .text.SystemInit    system_at32f403a_407.o
    0x08001578   0x08001578   0x00000050   Code   RO           49    .text.USART1_IRQHandler  at32f403a_407_int.o
    0x080015c8   0x080015c8   0x00000002   Code   RO           39    .text.UsageFault_Handler  at32f403a_407_int.o
    0x080015ca   0x080015ca   0x00000002   PAD
    0x080015cc   0x080015cc   0x00000020   Code   RO          770    .text.__NVIC_EnableIRQ  at32f403a_407_misc.o
    0x080015ec   0x080015ec   0x00000010   Code   RO           21    .text.__NVIC_GetPriorityGrouping  at32f403a_407_wk_config.o
    0x080015fc   0x080015fc   0x00000010   Code   RO          766    .text.__NVIC_GetPriorityGrouping  at32f403a_407_misc.o
    0x0800160c   0x0800160c   0x00000012   Code   RO           17    .text.__NVIC_SetPriority  at32f403a_407_wk_config.o
    0x0800161e   0x0800161e   0x00000002   PAD
    0x08001620   0x08001620   0x00000022   Code   RO          768    .text.__NVIC_SetPriority  at32f403a_407_misc.o
    0x08001642   0x08001642   0x00000002   PAD
    0x08001644   0x08001644   0x00000020   Code   RO          778    .text.__NVIC_SetPriorityGrouping  at32f403a_407_misc.o
    0x08001664   0x08001664   0x000000c8   Code   RO         1336    .text.check_key_task  drv_key.o
    0x0800172c   0x0800172c   0x0000001a   Code   RO          387    .text.crm_ahb_div_set  at32f403a_407_crm.o
    0x08001746   0x08001746   0x00000002   PAD
    0x08001748   0x08001748   0x0000001a   Code   RO          389    .text.crm_apb1_div_set  at32f403a_407_crm.o
    0x08001762   0x08001762   0x00000002   PAD
    0x08001764   0x08001764   0x0000001a   Code   RO          391    .text.crm_apb2_div_set  at32f403a_407_crm.o
    0x0800177e   0x0800177e   0x00000002   PAD
    0x08001780   0x08001780   0x00000018   Code   RO          413    .text.crm_auto_step_mode_enable  at32f403a_407_crm.o
    0x08001798   0x08001798   0x0000007a   Code   RO          379    .text.crm_clock_source_enable  at32f403a_407_crm.o
    0x08001812   0x08001812   0x00000002   PAD
    0x08001814   0x08001814   0x000000f0   Code   RO          407    .text.crm_clocks_freq_get  at32f403a_407_crm.o
    0x08001904   0x08001904   0x0000001a   Code   RO          363    .text.crm_flag_get  at32f403a_407_crm.o
    0x0800191e   0x0800191e   0x00000002   PAD
    0x08001920   0x08001920   0x00000028   Code   RO          367    .text.crm_hext_stable_wait  at32f403a_407_crm.o
    0x08001948   0x08001948   0x00000028   Code   RO          373    .text.crm_periph_clock_enable  at32f403a_407_crm.o
    0x08001970   0x08001970   0x00000070   Code   RO          401    .text.crm_pll_config  at32f403a_407_crm.o
    0x080019e0   0x080019e0   0x00000044   Code   RO          357    .text.crm_reset     at32f403a_407_crm.o
    0x08001a24   0x08001a24   0x0000003a   Code   RO          403    .text.crm_sysclk_switch  at32f403a_407_crm.o
    0x08001a5e   0x08001a5e   0x00000002   PAD
    0x08001a60   0x08001a60   0x00000010   Code   RO          405    .text.crm_sysclk_switch_status_get  at32f403a_407_crm.o
    0x08001a70   0x08001a70   0x00000040   Code   RO         1496    .text.debug_comm_task  sver_comm.o
    0x08001ab0   0x08001ab0   0x00000042   Code   RO         1370    .text.debug_printf  drv_printf.o
    0x08001af2   0x08001af2   0x00000002   PAD
    0x08001af4   0x08001af4   0x0000002e   Code   RO           84    .text.delay_us      wk_system.o
    0x08001b22   0x08001b22   0x00000002   PAD
    0x08001b24   0x08001b24   0x00000060   Code   RO         1330    .text.drv_key_gpio_init  drv_key.o
    0x08001b84   0x08001b84   0x00000046   Code   RO         1350    .text.drv_led_init  drv_led.o
    0x08001bca   0x08001bca   0x00000002   PAD
    0x08001bcc   0x08001bcc   0x0000006c   Code   RO         1485    .text.free_mem_size_task  sver_mem.o
    0x08001c38   0x08001c38   0x00000030   Code   RO         1461    .text.get_free_count  static_list.o
    0x08001c68   0x08001c68   0x0000000e   Code   RO         1447    .text.get_used_head  static_list.o
    0x08001c76   0x08001c76   0x00000002   PAD
    0x08001c78   0x08001c78   0x00000004   Code   RO          662    .text.gpio_bits_reset  at32f403a_407_gpio.o
    0x08001c7c   0x08001c7c   0x00000004   Code   RO          660    .text.gpio_bits_set  at32f403a_407_gpio.o
    0x08001c80   0x08001c80   0x00000012   Code   RO          650    .text.gpio_default_para_init  at32f403a_407_gpio.o
    0x08001c92   0x08001c92   0x00000002   PAD
    0x08001c94   0x08001c94   0x000000be   Code   RO          648    .text.gpio_init     at32f403a_407_gpio.o
    0x08001d52   0x08001d52   0x00000002   PAD
    0x08001d54   0x08001d54   0x0000000e   Code   RO          652    .text.gpio_input_data_bit_read  at32f403a_407_gpio.o
    0x08001d62   0x08001d62   0x00000002   PAD
    0x08001d64   0x08001d64   0x00000044   Code   RO          676    .text.gpio_pin_remap_config  at32f403a_407_gpio.o
    0x08001da8   0x08001da8   0x00000018   Code   RO         1328    .text.is_key_pressed  drv_key.o
    0x08001dc0   0x08001dc0   0x000000c6   Code   RO         1356    .text.led_blink_task  drv_led.o
    0x08001e86   0x08001e86   0x00000002   PAD
    0x08001e88   0x08001e88   0x0000001e   Code   RO         1352    .text.led_set_state  drv_led.o
    0x08001ea6   0x08001ea6   0x00000002   PAD
    0x08001ea8   0x08001ea8   0x00000080   Code   RO            2    .text.main          main.o
    0x08001f28   0x08001f28   0x00000024   Code   RO          762    .text.nvic_irq_enable  at32f403a_407_misc.o
    0x08001f4c   0x08001f4c   0x00000008   Code   RO          776    .text.nvic_priority_group_config  at32f403a_407_misc.o
    0x08001f54   0x08001f54   0x00000024   Code   RO         1332    .text.on_long_hold_func  drv_key.o
    0x08001f78   0x08001f78   0x0000002c   Code   RO         1334    .text.on_short_hold_func  drv_key.o
    0x08001fa4   0x08001fa4   0x000000c0   Code   RO         1372    .text.print_START   drv_printf.o
    0x08002064   0x08002064   0x00000018   Code   RO         1384    .text.reset_usart_recv  drv_usart.o
    0x0800207c   0x0800207c   0x0000002a   Code   RO         1354    .text.start_led_blink  drv_led.o
    0x080020a6   0x080020a6   0x00000002   PAD
    0x080020a8   0x080020a8   0x000000b0   Code   RO         1317    .text.system_core_clock_update  system_at32f403a_407.o
    0x08002158   0x08002158   0x00000018   Code   RO          784    .text.systick_clock_source_config  at32f403a_407_misc.o
    0x08002170   0x08002170   0x00000052   Code   RO         1449    .text.task_alloc    static_list.o
    0x080021c2   0x080021c2   0x00000002   PAD
    0x080021c4   0x080021c4   0x0000003c   Code   RO         1453    .text.task_insert_head  static_list.o
    0x08002200   0x08002200   0x00000042   Code   RO         1445    .text.task_list_init  static_list.o
    0x08002242   0x08002242   0x00000002   PAD
    0x08002244   0x08002244   0x0000002e   Code   RO         1463    .text.task_list_run  static_list.o
    0x08002272   0x08002272   0x00000002   PAD
    0x08002274   0x08002274   0x00000006   Code   RO         1130    .text.usart_data_receive  at32f403a_407_usart.o
    0x0800227a   0x0800227a   0x00000002   PAD
    0x0800227c   0x0800227c   0x00000008   Code   RO         1128    .text.usart_data_transmit  at32f403a_407_usart.o
    0x08002284   0x08002284   0x00000012   Code   RO         1102    .text.usart_enable  at32f403a_407_usart.o
    0x08002296   0x08002296   0x00000002   PAD
    0x08002298   0x08002298   0x00000010   Code   RO         1154    .text.usart_flag_clear  at32f403a_407_usart.o
    0x080022a8   0x080022a8   0x0000000a   Code   RO         1150    .text.usart_flag_get  at32f403a_407_usart.o
    0x080022b2   0x080022b2   0x00000002   PAD
    0x080022b4   0x080022b4   0x00000042   Code   RO         1148    .text.usart_hardware_flow_control_set  at32f403a_407_usart.o
    0x080022f6   0x080022f6   0x00000002   PAD
    0x080022f8   0x080022f8   0x000000b2   Code   RO         1098    .text.usart_init    at32f403a_407_usart.o
    0x080023aa   0x080023aa   0x00000002   PAD
    0x080023ac   0x080023ac   0x00000020   Code   RO         1112    .text.usart_interrupt_enable  at32f403a_407_usart.o
    0x080023cc   0x080023cc   0x0000003a   Code   RO         1100    .text.usart_parity_selection_config  at32f403a_407_usart.o
    0x08002406   0x08002406   0x00000002   PAD
    0x08002408   0x08002408   0x00000012   Code   RO         1106    .text.usart_receiver_enable  at32f403a_407_usart.o
    0x0800241a   0x0800241a   0x00000002   PAD
    0x0800241c   0x0800241c   0x00000012   Code   RO         1104    .text.usart_transmitter_enable  at32f403a_407_usart.o
    0x0800242e   0x0800242e   0x00000002   PAD
    0x08002430   0x08002430   0x0000004a   Code   RO         1390    .text.usart_write_block  drv_usart.o
    0x0800247a   0x0800247a   0x00000002   PAD
    0x0800247c   0x0800247c   0x00000012   Code   RO           97    .text.wk_debug_config  wk_debug.o
    0x0800248e   0x0800248e   0x00000002   PAD
    0x08002490   0x08002490   0x00000030   Code   RO           82    .text.wk_delay_ms   wk_system.o
    0x080024c0   0x080024c0   0x0000004c   Code   RO          113    .text.wk_gpio_config  wk_gpio.o
    0x0800250c   0x0800250c   0x000000a0   Code   RO           15    .text.wk_nvic_config  at32f403a_407_wk_config.o
    0x080025ac   0x080025ac   0x00000036   Code   RO           13    .text.wk_periph_clock_config  at32f403a_407_wk_config.o
    0x080025e2   0x080025e2   0x00000002   PAD
    0x080025e4   0x080025e4   0x00000090   Code   RO           11    .text.wk_system_clock_config  at32f403a_407_wk_config.o
    0x08002674   0x08002674   0x00000048   Code   RO           86    .text.wk_timebase_init  wk_system.o
    0x080026bc   0x080026bc   0x0000009c   Code   RO          105    .text.wk_usart1_init  wk_usart.o
    0x08002758   0x08002758   0x0000003e   Code   RO         1741    CL$$btod_d2e        c_w.l(btod.o)
    0x08002796   0x08002796   0x00000046   Code   RO         1743    CL$$btod_d2e_denorm_low  c_w.l(btod.o)
    0x080027dc   0x080027dc   0x00000060   Code   RO         1742    CL$$btod_d2e_norm_op1  c_w.l(btod.o)
    0x0800283c   0x0800283c   0x00000338   Code   RO         1751    CL$$btod_div_common  c_w.l(btod.o)
    0x08002b74   0x08002b74   0x000000dc   Code   RO         1748    CL$$btod_e2e        c_w.l(btod.o)
    0x08002c50   0x08002c50   0x0000002a   Code   RO         1745    CL$$btod_ediv       c_w.l(btod.o)
    0x08002c7a   0x08002c7a   0x0000002a   Code   RO         1744    CL$$btod_emul       c_w.l(btod.o)
    0x08002ca4   0x08002ca4   0x00000244   Code   RO         1750    CL$$btod_mult_common  c_w.l(btod.o)
    0x08002ee8   0x08002ee8   0x00000030   Code   RO         1829    i.__ARM_fpclassify  m_wm.l(fpclassify.o)
    0x08002f18   0x08002f18   0x0000000e   Code   RO         1525    i._is_digit         c_w.l(__printf_wp.o)
    0x08002f26   0x08002f26   0x00000002   PAD
    0x08002f28   0x08002f28   0x0000002c   Code   RO         1710    locale$$code        c_w.l(lc_numeric_c.o)
    0x08002f54   0x08002f54   0x0000002c   Code   RO         1766    locale$$code        c_w.l(lc_ctype_c.o)
    0x08002f80   0x08002f80   0x0000001a   Code   RO         1850    x$fpl$fpinit        fz_wm.l(fpinit.o)
    0x08002f9a   0x08002f9a   0x00000004   Code   RO         1649    x$fpl$printf1       fz_wm.l(printf1.o)
    0x08002f9e   0x08002f9e   0x00000004   Code   RO         1651    x$fpl$printf2       fz_wm.l(printf2.o)
    0x08002fa2   0x08002fa2   0x00000000   Code   RO         1657    x$fpl$usenofp       fz_wm.l(usenofp.o)
    0x08002fa2   0x08002fa2   0x00000011   Data   RO         1533    .constdata          c_w.l(__printf_flags_ss_wp.o)
    0x08002fb3   0x08002fb3   0x00000001   PAD
    0x08002fb4   0x08002fb4   0x00000008   Data   RO         1584    .constdata          c_w.l(_printf_wctomb.o)
    0x08002fbc   0x08002fbc   0x00000028   Data   RO         1613    .constdata          c_w.l(_printf_hex_int_ll_ptr.o)
    0x08002fe4   0x08002fe4   0x00000026   Data   RO         1697    .constdata          c_w.l(_printf_fp_hex.o)
    0x0800300a   0x0800300a   0x00000002   PAD
    0x0800300c   0x0800300c   0x00000094   Data   RO         1739    .constdata          c_w.l(bigflt0.o)
    0x080030a0   0x080030a0   0x000000e8   Data   RO         1375    .rodata.str1.1      drv_printf.o
    0x08003188   0x08003188   0x00000020   Data   RO         1989    Region$$Table       anon$$obj.o
    0x080031a8   0x080031a8   0x0000001c   Data   RO         1709    locale$$data        c_w.l(lc_numeric_c.o)
    0x080031c4   0x080031c4   0x00000110   Data   RO         1765    locale$$data        c_w.l(lc_ctype_c.o)


    Execution Region RW_IRAM1 (Exec base: 0x20000000, Load base: 0x080032d8, Size: 0x00000900, Max: 0x00018000, ABSOLUTE)

    Exec Addr    Load Addr    Size         Type   Attr      Idx    E Section Name        Object

    0x20000000   0x080032d8   0x00000004   Data   RW         1319    .data.system_core_clock  system_at32f403a_407.o
    0x20000004   0x080032dc   0x0000000c   Data   RW         1393    .data.usart_debug_recv_info  drv_usart.o
    0x20000010   0x080032e8   0x00000001   Data   RW         1466    .data.used_head     static_list.o
    0x20000011   0x080032e9   0x00000007   PAD
    0x20000018        -       0x00000060   Zero   RW         1667    .bss                c_w.l(libspace.o)
    0x20000078        -       0x00000001   Zero   RW         1361    .bss.blink_count    drv_led.o
    0x20000079        -       0x00000001   Zero   RW         1340    .bss.check_key_task.prev_state  drv_key.o
    0x2000007a        -       0x00000001   Zero   RW         1487    .bss.current_state  sver_mem.o
    0x2000007b        -       0x00000080   Zero   RW         1374    .bss.debug_printf.buffer  drv_printf.o
    0x200000fb        -       0x00000001   Zero   RW         1465    .bss.free_head      static_list.o
    0x200000fc        -       0x00000001   Zero   RW         1358    .bss.is_blinking    drv_led.o
    0x200000fd        -       0x00000001   Zero   RW         1338    .bss.key_status     drv_key.o
    0x200000fe        -       0x00000002   Zero   RW         1341    .bss.key_timer      drv_key.o
    0x20000100        -       0x00000001   Zero   RW         1359    .bss.led_status     drv_led.o
    0x20000101   0x080032e9   0x00000001   PAD
    0x20000102        -       0x00000002   Zero   RW         1360    .bss.led_timer      drv_led.o
    0x20000104        -       0x00000001   Zero   RW         1339    .bss.on_short_hold_func.short_press_cnt  drv_key.o
    0x20000105   0x080032e9   0x00000001   PAD
    0x20000106        -       0x00000002   Zero   RW         1488    .bss.run_mem_cnt    sver_mem.o
    0x20000108        -       0x000000f0   Zero   RW         1467    .bss.task_pool      static_list.o
    0x200001f8        -       0x00000004   Zero   RW           88    .bss.ticks_count_us  wk_system.o
    0x200001fc        -       0x000000ff   Zero   RW         1392    .bss.usart1_rx_buffer  drv_usart.o
    0x200002fb   0x080032e9   0x00000005   PAD
    0x20000300        -       0x00000400   Zero   RW         1306    HEAP                startup_at32f403a_407.o
    0x20000700        -       0x00000200   Zero   RW         1305    STACK               startup_at32f403a_407.o


==============================================================================

Image component sizes


      Code (inc. data)   RO Data    RW Data    ZI Data      Debug   Object Name

       824         38          0          0          0      22188   at32f403a_407_crm.o
       298          0          0          0          0      15410   at32f403a_407_gpio.o
        98          0          0          0          0       3293   at32f403a_407_int.o
       226          0          0          0          0       7338   at32f403a_407_misc.o
       428          4          0          0          0      11798   at32f403a_407_usart.o
       428          0          0          0          0       9017   at32f403a_407_wk_config.o
       400         48          0          0          5       8027   drv_key.o
       340          4          0          0          5       7834   drv_led.o
       258        100        232          0        128       2993   drv_printf.o
        98          0          0         12        255       3705   drv_usart.o
       128          0          0          0          0       4473   main.o
        64         26        388          0       1536        864   startup_at32f403a_407.o
       316          0          0          1        241       3874   static_list.o
        64         16          0          0          0       2409   sver_comm.o
       108         16          0          0          3        918   sver_mem.o
       268         16          0          4          0       8349   system_at32f403a_407.o
        18          0          0          0          0        637   wk_debug.o
        76          0          0          0          0       5168   wk_gpio.o
       166          0          0          0          4       1906   wk_system.o
       156          0          0          0          0       7376   wk_usart.o

    ----------------------------------------------------------------------
      4844        268        652         20       2188     127577   Object Totals
         0          0         32          0          0          0   (incl. Generated)
        82          0          0          3         11          0   (incl. Padding)

    ----------------------------------------------------------------------

      Code (inc. data)   RO Data    RW Data    ZI Data      Debug   Library Member Name

         8          0          0          0          0         68   __main.o
       392          4         17          0          0         92   __printf_flags_ss_wp.o
        14          0          0          0          0         68   __printf_wp.o
         0          0          0          0          0          0   __rtentry.o
        12          0          0          0          0          0   __rtentry2.o
         6          0          0          0          0          0   __rtentry4.o
        52          8          0          0          0          0   __scatter.o
        26          0          0          0          0          0   __scatter_copy.o
        28          0          0          0          0          0   __scatter_zi.o
        72          0          0          0          0         96   _c16rtomb.o
         6          0          0          0          0          0   _printf_a.o
         6          0          0          0          0          0   _printf_c.o
        44          0          0          0          0        108   _printf_char.o
        48          6          0          0          0         96   _printf_char_common.o
        40          0          0          0          0         68   _printf_charcount.o
         6          0          0          0          0          0   _printf_d.o
       120         16          0          0          0         92   _printf_dec.o
         6          0          0          0          0          0   _printf_e.o
         6          0          0          0          0          0   _printf_f.o
      1052          0          0          0          0        148   _printf_fp_dec.o
       764          8         38          0          0        100   _printf_fp_hex.o
       128         16          0          0          0         84   _printf_fp_infnan.o
         6          0          0          0          0          0   _printf_g.o
       148          4         40          0          0        160   _printf_hex_int_ll_ptr.o
         6          0          0          0          0          0   _printf_i.o
       178          0          0          0          0         88   _printf_intcommon.o
        10          0          0          0          0          0   _printf_l.o
         6          0          0          0          0          0   _printf_lc.o
        10          0          0          0          0          0   _printf_ll.o
         6          0          0          0          0          0   _printf_lld.o
         6          0          0          0          0          0   _printf_lli.o
         6          0          0          0          0          0   _printf_llo.o
         6          0          0          0          0          0   _printf_llu.o
         6          0          0          0          0          0   _printf_llx.o
       124         16          0          0          0         92   _printf_longlong_dec.o
         6          0          0          0          0          0   _printf_ls.o
         6          0          0          0          0          0   _printf_n.o
         6          0          0          0          0          0   _printf_o.o
       112          8          0          0          0        124   _printf_oct_int_ll.o
         6          0          0          0          0          0   _printf_p.o
        78          0          0          0          0        108   _printf_pad.o
         0          0          0          0          0          0   _printf_percent.o
         4          0          0          0          0          0   _printf_percent_end.o
         6          0          0          0          0          0   _printf_s.o
        82          0          0          0          0         80   _printf_str.o
        36          0          0          0          0         84   _printf_truncate.o
         6          0          0          0          0          0   _printf_u.o
        44          0          0          0          0        108   _printf_wchar.o
       188          6          8          0          0         92   _printf_wctomb.o
         6          0          0          0          0          0   _printf_x.o
        16          0          0          0          0         68   _snputc.o
        10          0          0          0          0         68   _sputc.o
       228          4        148          0          0         96   bigflt0.o
      1936        128          0          0          0        668   btod.o
        18          0          0          0          0         80   exit.o
         6          0          0          0          0        152   heapauxi.o
         0          0          0          0          0          0   indicate_semi.o
        44         10        272          0          0         76   lc_ctype_c.o
        44         10         28          0          0         76   lc_numeric_c.o
         2          0          0          0          0          0   libinit.o
        34          0          0          0          0          0   libinit2.o
         2          0          0          0          0          0   libshutdown.o
         2          0          0          0          0          0   libshutdown2.o
         8          4          0          0         96         68   libspace.o
       138          0          0          0          0         80   lludiv10.o
        16          4          0          0          0         76   rt_ctype_table.o
         8          4          0          0          0         68   rt_locale_intlibspace.o
        78          0          0          0          0         80   rt_memclr_w.o
         2          0          0          0          0          0   rtexit.o
        10          0          0          0          0          0   rtexit2.o
       124          0          0          0          0         88   strcmpv7em.o
        62          0          0          0          0         76   strlen.o
        12          4          0          0          0         68   sys_exit.o
        74          0          0          0          0         80   sys_stackheap_outer.o
         2          0          0          0          0         68   use_no_semi.o
        52          4          0          0          0         80   vsnprintf.o
        26          0          0          0          0        116   fpinit.o
         4          0          0          0          0        116   printf1.o
         4          0          0          0          0        116   printf2.o
         0          0          0          0          0          0   usenofp.o
        48          0          0          0          0        124   fpclassify.o

    ----------------------------------------------------------------------
      6962        264        554          0         96       4544   Library Totals
        12          0          3          0          0          0   (incl. Padding)

    ----------------------------------------------------------------------

      Code (inc. data)   RO Data    RW Data    ZI Data      Debug   Library Name

      6868        264        551          0         96       4072   c_w.l
        34          0          0          0          0        348   fz_wm.l
        48          0          0          0          0        124   m_wm.l

    ----------------------------------------------------------------------
      6962        264        554          0         96       4544   Library Totals

    ----------------------------------------------------------------------

==============================================================================


      Code (inc. data)   RO Data    RW Data    ZI Data      Debug   

     11806        532       1206         20       2284     129377   Grand Totals
     11806        532       1206         20       2284     129377   ELF Image Totals
     11806        532       1206         20          0          0   ROM Totals

==============================================================================

    Total RO  Size (Code + RO Data)                13012 (  12.71kB)
    Total RW  Size (RW Data + ZI Data)              2304 (   2.25kB)
    Total ROM Size (Code + RO Data + RW Data)      13032 (  12.73kB)

==============================================================================

